5m k=1.5 slip=0 IS n=903 PF=1.17 NET=19.4% DD=8.0% [24:4 25:18 26:-3] || OOS n=2403 PF=1.22 NET=96.7% DD=11.0% [19:0 20:4 21:50 22:26 23:8 24:9]
5m k=1.5 slip=0.01 IS n=903 PF=1.01 NET=1.3% DD=12.8% [24:2 25:10 26:-10] || OOS n=2403 PF=1.11 NET=48.6% DD=18.5% [19:-2 20:-5 21:39 22:15 23:-1 24:3]
5m k=1.5 slip=0.02 IS n=903 PF=0.88 NET=-16.7% DD=20.5% [24:-0 25:1 26:-17] || OOS n=2403 PF=1.00 NET=0.6% DD=31.3% [19:-4 20:-14 21:28 22:5 23:-10 24:-3]
5m k=1.5 slip=0.03 IS n=903 PF=0.76 NET=-34.8% DD=35.3% [24:-2 25:-8 26:-25] || OOS n=2403 PF=0.91 NET=-47.5% DD=51.1% [19:-6 20:-23 21:17 22:-6 23:-19 24:-10]
5m k=2 slip=0 IS n=888 PF=1.16 NET=20.0% DD=8.4% [24:6 25:14 26:-0] || OOS n=2375 PF=1.22 NET=102.8% DD=10.3% [19:-3 20:12 21:51 22:27 23:8 24:9]
5m k=2 slip=0.01 IS n=888 PF=1.02 NET=2.2% DD=12.1% [24:4 25:6 26:-7] || OOS n=2375 PF=1.11 NET=55.3% DD=15.3% [19:-6 20:4 21:40 22:16 23:-1 24:3]
5m k=2 slip=0.02 IS n=888 PF=0.89 NET=-15.5% DD=22.6% [24:2 25:-3 26:-14] || OOS n=2375 PF=1.02 NET=7.8% DD=26.7% [19:-8 20:-5 21:29 22:6 23:-10 24:-4]
5m k=2 slip=0.03 IS n=888 PF=0.78 NET=-33.3% DD=36.8% [24:-0 25:-11 26:-22] || OOS n=2375 PF=0.92 NET=-39.7% DD=46.9% [19:-10 20:-14 21:18 22:-5 23:-19 24:-10]
5m k=2.5 slip=0 IS n=882 PF=1.18 NET=23.2% DD=6.7% [24:6 25:11 26:6] || OOS n=2352 PF=1.27 NET=127.0% DD=9.3% [19:-3 20:20 21:62 22:26 23:10 24:11]
5m k=2.5 slip=0.01 IS n=882 PF=1.04 NET=5.6% DD=7.9% [24:4 25:3 26:-1] || OOS n=2352 PF=1.16 NET=79.9% DD=10.3% [19:-5 20:12 21:52 22:16 23:2 24:4]
5m k=2.5 slip=0.02 IS n=882 PF=0.92 NET=-12.1% DD=19.6% [24:2 25:-6 26:-8] || OOS n=2352 PF=1.07 NET=32.9% DD=24.4% [19:-7 20:3 21:41 22:6 23:-7 24:-2]
5m k=2.5 slip=0.03 IS n=882 PF=0.81 NET=-29.7% DD=33.6% [24:0 25:-15 26:-15] || OOS n=2352 PF=0.97 NET=-14.2% DD=42.7% [19:-9 20:-6 21:30 22:-5 23:-16 24:-8]
5m k=3 slip=0 IS n=879 PF=1.25 NET=32.2% DD=5.4% [24:6 25:15 26:12] || OOS n=2342 PF=1.28 NET=133.5% DD=11.5% [19:-3 20:27 21:57 22:33 23:10 24:9]
5m k=3 slip=0.01 IS n=879 PF=1.11 NET=14.6% DD=6.3% [24:4 25:6 26:5] || OOS n=2342 PF=1.18 NET=86.7% DD=12.9% [19:-5 20:19 21:47 22:23 23:1 24:3]
5m k=3 slip=0.02 IS n=879 PF=0.98 NET=-3.0% DD=13.0% [24:2 25:-2 26:-2] || OOS n=2342 PF=1.08 NET=39.9% DD=21.4% [19:-7 20:10 21:36 22:12 23:-8 24:-4]
5m k=3 slip=0.03 IS n=879 PF=0.86 NET=-20.6% DD=25.9% [24:-1 25:-11 26:-9] || OOS n=2342 PF=0.99 NET=-7.0% DD=40.4% [19:-9 20:2 21:25 22:2 23:-17 24:-10]
5m k=4 slip=0 IS n=872 PF=1.33 NET=40.0% DD=6.3% [24:6 25:18 26:16] || OOS n=2327 PF=1.34 NET=157.7% DD=10.0% [19:6 20:35 21:56 22:37 23:17 24:6]
5m k=4 slip=0.01 IS n=872 PF=1.18 NET=22.5% DD=6.8% [24:4 25:10 26:9] || OOS n=2327 PF=1.23 NET=111.2% DD=10.4% [19:4 20:27 21:45 22:27 23:9 24:-0]
5m k=4 slip=0.02 IS n=872 PF=1.04 NET=5.1% DD=9.2% [24:2 25:1 26:2] || OOS n=2327 PF=1.13 NET=64.7% DD=20.3% [19:2 20:18 21:35 22:17 23:-0 24:-6]
5m k=4 slip=0.03 IS n=872 PF=0.91 NET=-12.4% DD=20.0% [24:-0 25:-7 26:-5] || OOS n=2327 PF=1.04 NET=18.1% DD=39.9% [19:-1 20:10 21:24 22:6 23:-9 24:-12]
15m k=1.5 slip=0 IS n=366 PF=1.30 NET=24.2% DD=4.9% [24:8 25:6 26:11] || OOS n=1044 PF=1.16 NET=51.9% DD=20.0% [19:5 20:-2 21:37 22:23 23:1 24:-13]
15m k=1.5 slip=0.01 IS n=366 PF=1.20 NET=16.9% DD=5.7% [24:7 25:2 26:8] || OOS n=1044 PF=1.09 NET=31.0% DD=29.0% [19:4 20:-6 21:33 22:19 23:-3 24:-17]
15m k=1.5 slip=0.02 IS n=366 PF=1.11 NET=9.6% DD=6.5% [24:6 25:-2 26:5] || OOS n=1044 PF=1.03 NET=10.1% DD=38.2% [19:3 20:-10 21:30 22:15 23:-8 24:-20]
15m k=1.5 slip=0.03 IS n=366 PF=1.02 NET=2.3% DD=8.4% [24:5 25:-5 26:3] || OOS n=1044 PF=0.97 NET=-10.8% DD=47.5% [19:2 20:-14 21:26 22:11 23:-12 24:-23]
15m k=2 slip=0 IS n=362 PF=1.30 NET=26.4% DD=5.2% [24:7 25:5 26:14] || OOS n=1023 PF=1.20 NET=65.2% DD=16.1% [19:0 20:12 21:33 22:21 23:4 24:-5]
15m k=2 slip=0.01 IS n=362 PF=1.21 NET=19.1% DD=5.8% [24:6 25:1 26:12] || OOS n=1023 PF=1.13 NET=44.8% DD=21.0% [19:-1 20:8 21:29 22:17 23:-1 24:-7]
15m k=2 slip=0.02 IS n=362 PF=1.13 NET=11.9% DD=6.5% [24:5 25:-2 26:9] || OOS n=1023 PF=1.07 NET=24.3% DD=29.9% [19:-2 20:4 21:26 22:13 23:-5 24:-10]
15m k=2 slip=0.03 IS n=362 PF=1.05 NET=4.7% DD=8.2% [24:4 25:-6 26:6] || OOS n=1023 PF=1.01 NET=3.9% DD=38.7% [19:-4 20:-0 21:22 22:8 23:-9 24:-13]
15m k=2.5 slip=0 IS n=358 PF=1.38 NET=33.6% DD=6.3% [24:6 25:9 26:18] || OOS n=1017 PF=1.25 NET=80.5% DD=17.4% [19:-2 20:24 21:39 22:21 23:7 24:-8]
15m k=2.5 slip=0.01 IS n=358 PF=1.29 NET=26.4% DD=6.4% [24:5 25:6 26:16] || OOS n=1017 PF=1.18 NET=60.2% DD=20.6% [19:-3 20:20 21:35 22:17 23:3 24:-11]
15m k=2.5 slip=0.02 IS n=358 PF=1.20 NET=19.3% DD=6.6% [24:4 25:2 26:13] || OOS n=1017 PF=1.12 NET=39.8% DD=28.9% [19:-4 20:16 21:31 22:12 23:-1 24:-14]
15m k=2.5 slip=0.03 IS n=358 PF=1.13 NET=12.1% DD=7.3% [24:3 25:-1 26:10] || OOS n=1017 PF=1.06 NET=19.5% DD=37.5% [19:-5 20:12 21:28 22:8 23:-6 24:-17]
15m k=3 slip=0 IS n=358 PF=1.37 NET=33.8% DD=7.0% [24:7 25:5 26:21] || OOS n=1013 PF=1.27 NET=88.9% DD=16.5% [19:2 20:29 21:30 22:25 23:9 24:-7]
15m k=3 slip=0.01 IS n=358 PF=1.28 NET=26.7% DD=7.2% [24:6 25:2 26:19] || OOS n=1013 PF=1.20 NET=68.7% DD=17.5% [19:1 20:25 21:27 22:21 23:5 24:-10]
15m k=3 slip=0.02 IS n=358 PF=1.20 NET=19.5% DD=7.4% [24:5 25:-2 26:16] || OOS n=1013 PF=1.14 NET=48.4% DD=21.3% [19:-1 20:21 21:23 22:17 23:1 24:-12]
15m k=3 slip=0.03 IS n=358 PF=1.13 NET=12.3% DD=8.4% [24:4 25:-5 26:13] || OOS n=1013 PF=1.08 NET=28.1% DD=30.1% [19:-2 20:17 21:20 22:13 23:-3 24:-15]
15m k=4 slip=0 IS n=357 PF=1.39 NET=35.4% DD=9.1% [24:11 25:4 26:21] || OOS n=1004 PF=1.23 NET=80.4% DD=21.0% [19:-1 20:37 21:27 22:25 23:3 24:-11]
15m k=4 slip=0.01 IS n=357 PF=1.30 NET=28.3% DD=9.7% [24:10 25:0 26:19] || OOS n=1004 PF=1.17 NET=60.3% DD=22.4% [19:-2 20:33 21:24 22:21 23:-1 24:-14]
15m k=4 slip=0.02 IS n=357 PF=1.22 NET=21.2% DD=10.3% [24:9 25:-3 26:16] || OOS n=1004 PF=1.11 NET=40.2% DD=28.9% [19:-3 20:29 21:20 22:17 23:-6 24:-16]
15m k=4 slip=0.03 IS n=357 PF=1.14 NET=14.0% DD=10.9% [24:8 25:-7 26:13] || OOS n=1004 PF=1.05 NET=20.1% DD=35.5% [19:-5 20:25 21:16 22:13 23:-10 24:-19]
