
=== 5M (fee 0.10% round-trip; kolom terakhir = NET @0.04/0.20) ===
5m donchian n= 20 k=2 trend=N | trade= 9892 (13.6/hr) win=24.5% PFg=0.97 PFnet=0.46 NET=-1031.6% maxDD=1031.6% hold=30m cepat=28.2% reentry=27.2% best=6.05% | paruh -527.0/-504.6 | thn 2024:-138.4 2025:-503.9 2026:-389.2 | @0.04 -438.1 @0.20 -2020.8
5m donchian n= 20 k=2 trend=Y | trade= 7932 (10.9/hr) win=25.3% PFg=1.01 PFnet=0.48 NET=-786.8% maxDD=787.2% hold=25m cepat=31.0% reentry=28.3% best=6.05% | paruh -400.9/-385.9 | thn 2024:-111.9 2025:-376.9 2026:-297.9 | @0.04 -310.9 @0.20 -1580.0
5m donchian n= 20 k=3 trend=N | trade= 6757 (9.3/hr) win=28.1% PFg=0.95 PFnet=0.56 NET=-744.0% maxDD=744.0% hold=60m cepat=9.3% reentry=16.6% best=6.15% | paruh -363.0/-381.1 | thn 2024:-97.7 2025:-356.0 2026:-290.3 | @0.04 -338.6 @0.20 -1419.7
5m donchian n= 20 k=3 trend=Y | trade= 5855 (8.0/hr) win=28.4% PFg=0.97 PFnet=0.58 NET=-614.8% maxDD=616.3% hold=55m cepat=10.5% reentry=17.4% best=5.33% | paruh -300.0/-314.8 | thn 2024:-76.1 2025:-300.2 2026:-238.5 | @0.04 -263.5 @0.20 -1200.3
5m donchian n= 20 k=4 trend=N | trade= 4220 (5.8/hr) win=30.3% PFg=0.96 PFnet=0.66 NET=-469.4% maxDD=473.1% hold=105m cepat=3.6% reentry=11.3% best=7.11% | paruh -196.6/-272.8 | thn 2024:-49.2 2025:-203.5 2026:-216.7 | @0.04 -216.2 @0.20 -891.4
5m donchian n= 20 k=4 trend=Y | trade= 4001 (5.5/hr) win=30.8% PFg=0.99 PFnet=0.67 NET=-414.4% maxDD=415.8% hold=95m cepat=3.9% reentry=12.4% best=7.16% | paruh -202.1/-212.3 | thn 2024:-62.2 2025:-194.3 2026:-157.9 | @0.04 -174.4 @0.20 -814.5
5m donchian n= 50 k=2 trend=N | trade= 5980 (8.2/hr) win=25.2% PFg=0.97 PFnet=0.48 NET=-622.2% maxDD=622.2% hold=25m cepat=35.2% reentry=27.8% best=6.05% | paruh -326.4/-295.8 | thn 2024:-93.4 2025:-297.8 2026:-231.0 | @0.04 -263.4 @0.20 -1220.2
5m donchian n= 50 k=2 trend=Y | trade= 5456 (7.5/hr) win=25.6% PFg=0.98 PFnet=0.49 NET=-561.2% maxDD=561.4% hold=25m cepat=36.0% reentry=27.9% best=6.05% | paruh -295.9/-265.3 | thn 2024:-86.8 2025:-269.4 2026:-205.1 | @0.04 -233.9 @0.20 -1106.8
5m donchian n= 50 k=3 trend=N | trade= 4577 (6.3/hr) win=27.7% PFg=0.93 PFnet=0.56 NET=-517.1% maxDD=517.1% hold=50m cepat=13.2% reentry=17.2% best=5.33% | paruh -253.0/-264.1 | thn 2024:-80.0 2025:-229.3 2026:-207.8 | @0.04 -242.5 @0.20 -974.8
5m donchian n= 50 k=3 trend=Y | trade= 4192 (5.7/hr) win=28.3% PFg=0.96 PFnet=0.58 NET=-451.9% maxDD=453.2% hold=50m cepat=13.6% reentry=17.3% best=5.33% | paruh -224.3/-227.6 | thn 2024:-71.7 2025:-202.1 2026:-178.2 | @0.04 -200.4 @0.20 -871.1
5m donchian n= 50 k=4 trend=N | trade= 3406 (4.7/hr) win=29.7% PFg=0.94 PFnet=0.64 NET=-395.9% maxDD=395.9% hold=90m cepat=5.2% reentry=10.8% best=7.11% | paruh -199.7/-196.2 | thn 2024:-74.4 2025:-163.6 2026:-158.0 | @0.04 -191.5 @0.20 -736.5
5m donchian n= 50 k=4 trend=Y | trade= 3208 (4.4/hr) win=30.0% PFg=0.94 PFnet=0.64 NET=-372.9% maxDD=374.0% hold=90m cepat=5.2% reentry=11.1% best=7.16% | paruh -193.3/-179.5 | thn 2024:-64.1 2025:-169.2 2026:-139.6 | @0.04 -180.4 @0.20 -693.7
5m donchian n=100 k=2 trend=N | trade= 3941 (5.4/hr) win=25.8% PFg=0.96 PFnet=0.50 NET=-418.5% maxDD=418.5% hold=20m cepat=38.9% reentry=27.6% best=6.05% | paruh -220.7/-197.8 | thn 2024:-66.3 2025:-195.5 2026:-156.7 | @0.04 -182.0 @0.20 -812.6
5m donchian n=100 k=2 trend=Y | trade= 3899 (5.3/hr) win=25.8% PFg=0.96 PFnet=0.50 NET=-413.5% maxDD=413.8% hold=20m cepat=38.9% reentry=27.6% best=6.05% | paruh -220.0/-193.5 | thn 2024:-65.7 2025:-193.2 2026:-154.6 | @0.04 -179.5 @0.20 -803.4
5m donchian n=100 k=3 trend=N | trade= 3048 (4.2/hr) win=28.7% PFg=0.95 PFnet=0.59 NET=-337.5% maxDD=337.9% hold=45m cepat=15.6% reentry=17.0% best=5.33% | paruh -173.9/-163.6 | thn 2024:-52.8 2025:-159.4 2026:-125.3 | @0.04 -154.6 @0.20 -642.3
5m donchian n=100 k=3 trend=Y | trade= 3018 (4.1/hr) win=28.6% PFg=0.95 PFnet=0.59 NET=-334.4% maxDD=335.6% hold=45m cepat=15.4% reentry=17.0% best=5.33% | paruh -173.7/-160.8 | thn 2024:-52.4 2025:-158.1 2026:-123.9 | @0.04 -153.4 @0.20 -636.2
5m donchian n=100 k=4 trend=N | trade= 2442 (3.3/hr) win=29.4% PFg=0.90 PFnet=0.63 NET=-313.4% maxDD=313.6% hold=85m cepat=6.8% reentry=11.3% best=7.16% | paruh -169.4/-144.0 | thn 2024:-48.3 2025:-145.9 2026:-119.3 | @0.04 -166.9 @0.20 -557.6
5m donchian n=100 k=4 trend=Y | trade= 2424 (3.3/hr) win=29.4% PFg=0.90 PFnet=0.63 NET=-312.3% maxDD=313.3% hold=85m cepat=6.8% reentry=11.5% best=7.16% | paruh -170.1/-142.2 | thn 2024:-48.4 2025:-145.3 2026:-118.6 | @0.04 -166.8 @0.20 -554.7
5m sweep    n= 20 k=2 trend=N | trade= 9712 (13.3/hr) win=26.3% PFg=1.03 PFnet=0.50 NET=-931.9% maxDD=932.3% hold=35m cepat=23.4% reentry=51.3% best=6.67% | paruh -498.4/-433.5 | thn 2024:-127.6 2025:-492.9 2026:-311.4 | @0.04 -349.2 @0.20 -1903.1
5m sweep    n= 20 k=2 trend=Y | trade= 3732 (5.1/hr) win=26.4% PFg=1.09 PFnet=0.52 NET=-334.0% maxDD=334.1% hold=40m cepat=18.0% reentry=32.8% best=5.25% | paruh -195.2/-138.8 | thn 2024:-45.3 2025:-180.8 2026:-107.8 | @0.04 -110.0 @0.20 -707.2
5m sweep    n= 20 k=3 trend=N | trade= 5770 (7.9/hr) win=30.6% PFg=1.11 PFnet=0.70 NET=-449.5% maxDD=452.2% hold=75m cepat=8.7% reentry=54.9% best=8.57% | paruh -244.2/-205.3 | thn 2024:-42.9 2025:-251.5 2026:-155.1 | @0.04 -103.3 @0.20 -1026.5
5m sweep    n= 20 k=3 trend=Y | trade= 2942 (4.0/hr) win=29.2% PFg=1.07 PFnet=0.64 NET=-256.9% maxDD=257.2% hold=75m cepat=6.1% reentry=29.4% best=5.87% | paruh -145.6/-111.3 | thn 2024:-30.4 2025:-147.3 2026:-79.3 | @0.04 -80.4 @0.20 -551.1
5m sweep    n= 20 k=4 trend=N | trade= 3607 (4.9/hr) win=31.7% PFg=1.08 PFnet=0.76 NET=-285.2% maxDD=294.4% hold=125m cepat=3.9% reentry=58.2% best=9.57% | paruh -80.0/-205.2 | thn 2024:-10.4 2025:-112.6 2026:-162.2 | @0.04 -68.8 @0.20 -645.9
5m sweep    n= 20 k=4 trend=Y | trade= 2290 (3.1/hr) win=32.3% PFg=1.07 PFnet=0.73 NET=-188.9% maxDD=195.7% hold=130m cepat=2.2% reentry=26.5% best=5.51% | paruh -113.5/-75.5 | thn 2024:-25.5 2025:-126.7 2026:-36.7 | @0.04 -51.5 @0.20 -417.9
5m sweep    n= 50 k=2 trend=N | trade= 6851 (9.4/hr) win=26.0% PFg=0.99 PFnet=0.49 NET=-695.1% maxDD=695.1% hold=35m cepat=26.6% reentry=47.1% best=6.67% | paruh -358.0/-337.1 | thn 2024:-84.0 2025:-378.4 2026:-232.8 | @0.04 -284.0 @0.20 -1380.2
5m sweep    n= 50 k=2 trend=Y | trade= 1147 (1.6/hr) win=24.6% PFg=1.03 PFnet=0.47 NET=-110.2% maxDD=110.3% hold=35m cepat=22.6% reentry=22.3% best=3.70% | paruh -64.7/-45.5 | thn 2024:-21.0 2025:-57.2 2026:-31.9 | @0.04 -41.4 @0.20 -224.9
5m sweep    n= 50 k=3 trend=N | trade= 4592 (6.3/hr) win=29.9% PFg=1.04 PFnet=0.65 NET=-426.9% maxDD=429.7% hold=70m cepat=10.7% reentry=48.0% best=8.05% | paruh -213.8/-213.1 | thn 2024:-43.2 2025:-226.9 2026:-156.8 | @0.04 -151.4 @0.20 -886.1
5m sweep    n= 50 k=3 trend=Y | trade= 1012 (1.4/hr) win=27.9% PFg=1.03 PFnet=0.60 NET=-96.1% maxDD=96.1% hold=70m cepat=9.1% reentry=18.3% best=3.45% | paruh -53.0/-43.1 | thn 2024:-17.6 2025:-54.7 2026:-23.8 | @0.04 -35.4 @0.20 -197.3
5m sweep    n= 50 k=4 trend=N | trade= 3040 (4.2/hr) win=31.0% PFg=1.10 PFnet=0.78 NET=-225.1% maxDD=233.3% hold=125m cepat=5.0% reentry=50.8% best=9.57% | paruh -82.1/-143.0 | thn 2024:-6.5 2025:-106.2 2026:-112.4 | @0.04 -42.7 @0.20 -529.1
5m sweep    n= 50 k=4 trend=Y | trade=  903 (1.2/hr) win=30.6% PFg=1.04 PFnet=0.69 NET=-82.7% maxDD=94.6% hold=120m cepat=3.5% reentry=14.6% best=4.83% | paruh -54.6/-28.1 | thn 2024:-15.2 2025:-65.6 2026:-1.9 | @0.04 -28.5 @0.20 -173.0
5m sweep    n=100 k=2 trend=N | trade= 4894 (6.7/hr) win=26.8% PFg=0.98 PFnet=0.51 NET=-501.5% maxDD=501.9% hold=30m cepat=28.1% reentry=47.6% best=6.67% | paruh -253.5/-248.0 | thn 2024:-58.6 2025:-258.5 2026:-184.3 | @0.04 -207.9 @0.20 -990.9
5m sweep    n=100 k=2 trend=Y | trade=  200 (0.3/hr) win=26.5% PFg=0.92 PFnet=0.45 NET=-22.1% maxDD=22.2% hold=30m cepat=31.0% reentry=12.1% best=2.84% | paruh -11.0/-11.1 | thn 2024:-2.3 2025:-12.4 2026:-7.5 | @0.04 -10.1 @0.20 -42.1
5m sweep    n=100 k=3 trend=N | trade= 3584 (4.9/hr) win=30.5% PFg=1.03 PFnet=0.66 NET=-334.7% maxDD=338.5% hold=70m cepat=11.4% reentry=45.8% best=8.05% | paruh -179.9/-154.8 | thn 2024:-33.0 2025:-173.7 2026:-128.0 | @0.04 -119.6 @0.20 -693.1
5m sweep    n=100 k=3 trend=Y | trade=  191 (0.3/hr) win=26.7% PFg=0.75 PFnet=0.44 NET=-28.9% maxDD=28.9% hold=65m cepat=12.0% reentry=10.5% best=3.35% | paruh -15.7/-13.2 | thn 2024:-2.5 2025:-19.5 2026:-7.0 | @0.04 -17.5 @0.20 -48.0
5m sweep    n=100 k=4 trend=N | trade= 2525 (3.5/hr) win=31.2% PFg=1.10 PFnet=0.80 NET=-178.0% maxDD=186.7% hold=125m cepat=5.8% reentry=46.7% best=9.57% | paruh -70.8/-107.2 | thn 2024:-4.8 2025:-84.5 2026:-88.7 | @0.04 -26.5 @0.20 -430.5
5m sweep    n=100 k=4 trend=Y | trade=  181 (0.2/hr) win=25.4% PFg=0.73 PFnet=0.48 NET=-30.2% maxDD=31.1% hold=100m cepat=5.0% reentry=7.2% best=3.08% | paruh -14.2/-16.0 | thn 2024:0.3 2025:-23.5 2026:-7.0 | @0.04 -19.3 @0.20 -48.3

=== 15M (fee 0.10% round-trip; kolom terakhir = NET @0.04/0.20) ===
15m donchian n= 20 k=2 trend=N | trade= 2988 (4.1/hr) win=28.5% PFg=0.90 PFnet=0.60 NET=-368.3% maxDD=368.6% hold=90m cepat=3.3% reentry=8.3% best=5.35% | paruh -184.3/-184.0 | thn 2024:-63.7 2025:-154.1 2026:-150.5 | @0.04 -189.0 @0.20 -667.1
15m donchian n= 20 k=2 trend=Y | trade= 2386 (3.3/hr) win=29.1% PFg=0.94 PFnet=0.63 NET=-270.2% maxDD=270.2% hold=75m cepat=3.4% reentry=9.0% best=5.35% | paruh -149.8/-120.5 | thn 2024:-39.9 2025:-135.5 2026:-94.8 | @0.04 -127.1 @0.20 -508.8
15m donchian n= 20 k=3 trend=N | trade= 1948 (2.7/hr) win=32.4% PFg=0.97 PFnet=0.74 NET=-218.8% maxDD=220.2% hold=195m cepat=0.8% reentry=4.1% best=7.16% | paruh -99.8/-119.0 | thn 2024:-30.3 2025:-83.2 2026:-105.3 | @0.04 -101.9 @0.20 -413.6
15m donchian n= 20 k=3 trend=Y | trade= 1698 (2.3/hr) win=33.1% PFg=1.02 PFnet=0.77 NET=-158.0% maxDD=165.4% hold=180m cepat=0.9% reentry=4.5% best=9.66% | paruh -82.1/-75.9 | thn 2024:-11.2 2025:-91.4 2026:-55.4 | @0.04 -56.1 @0.20 -327.8
15m donchian n= 20 k=4 trend=N | trade= 1280 (1.8/hr) win=32.3% PFg=0.90 PFnet=0.74 NET=-192.2% maxDD=197.2% hold=375m cepat=0.5% reentry=2.0% best=13.91% | paruh -105.4/-86.8 | thn 2024:-38.1 2025:-85.7 2026:-68.4 | @0.04 -115.4 @0.20 -320.2
15m donchian n= 20 k=4 trend=Y | trade= 1220 (1.7/hr) win=33.8% PFg=0.96 PFnet=0.78 NET=-145.8% maxDD=154.6% hold=345m cepat=0.5% reentry=2.2% best=12.79% | paruh -73.4/-72.4 | thn 2024:-12.0 2025:-87.5 2026:-46.3 | @0.04 -72.6 @0.20 -267.8
15m donchian n= 50 k=2 trend=N | trade= 1853 (2.5/hr) win=28.7% PFg=0.89 PFnet=0.60 NET=-236.5% maxDD=236.8% hold=75m cepat=3.3% reentry=7.9% best=5.35% | paruh -135.4/-101.0 | thn 2024:-45.5 2025:-115.9 2026:-75.1 | @0.04 -125.3 @0.20 -421.8
15m donchian n= 50 k=2 trend=Y | trade= 1666 (2.3/hr) win=29.5% PFg=0.93 PFnet=0.63 NET=-195.0% maxDD=196.7% hold=75m cepat=3.4% reentry=8.3% best=5.35% | paruh -114.7/-80.3 | thn 2024:-35.3 2025:-98.4 2026:-61.2 | @0.04 -95.0 @0.20 -361.6
15m donchian n= 50 k=3 trend=N | trade= 1395 (1.9/hr) win=31.0% PFg=0.95 PFnet=0.73 NET=-164.6% maxDD=170.4% hold=165m cepat=1.1% reentry=3.9% best=11.06% | paruh -89.5/-75.1 | thn 2024:-24.8 2025:-91.3 2026:-48.5 | @0.04 -80.9 @0.20 -304.1
15m donchian n= 50 k=3 trend=Y | trade= 1262 (1.7/hr) win=32.4% PFg=1.00 PFnet=0.77 NET=-124.6% maxDD=136.8% hold=165m cepat=1.1% reentry=3.6% best=9.66% | paruh -72.6/-52.1 | thn 2024:-17.8 2025:-77.5 2026:-29.4 | @0.04 -48.9 @0.20 -250.8
15m donchian n= 50 k=4 trend=N | trade= 1081 (1.5/hr) win=30.2% PFg=0.89 PFnet=0.73 NET=-168.3% maxDD=169.5% hold=345m cepat=0.4% reentry=2.0% best=11.76% | paruh -106.5/-61.8 | thn 2024:-30.7 2025:-113.8 2026:-23.8 | @0.04 -103.4 @0.20 -276.4
15m donchian n= 50 k=4 trend=Y | trade=  998 (1.4/hr) win=32.3% PFg=0.94 PFnet=0.77 NET=-131.9% maxDD=136.7% hold=345m cepat=0.3% reentry=1.9% best=11.76% | paruh -84.5/-47.4 | thn 2024:-21.7 2025:-95.0 2026:-15.2 | @0.04 -72.0 @0.20 -231.7
15m donchian n=100 k=2 trend=N | trade= 1191 (1.6/hr) win=29.9% PFg=0.91 PFnet=0.63 NET=-147.7% maxDD=148.5% hold=75m cepat=3.5% reentry=7.2% best=5.19% | paruh -91.9/-55.8 | thn 2024:-38.3 2025:-69.7 2026:-39.7 | @0.04 -76.2 @0.20 -266.8
15m donchian n=100 k=2 trend=Y | trade= 1177 (1.6/hr) win=30.2% PFg=0.92 PFnet=0.63 NET=-142.6% maxDD=145.9% hold=75m cepat=3.5% reentry=7.2% best=5.19% | paruh -89.2/-53.4 | thn 2024:-34.7 2025:-70.1 2026:-37.8 | @0.04 -72.0 @0.20 -260.3
15m donchian n=100 k=3 trend=N | trade=  933 (1.3/hr) win=32.6% PFg=0.89 PFnet=0.69 NET=-135.1% maxDD=144.5% hold=165m cepat=1.4% reentry=2.6% best=11.37% | paruh -80.2/-54.9 | thn 2024:-39.7 2025:-72.2 2026:-23.2 | @0.04 -79.1 @0.20 -228.4
15m donchian n=100 k=3 trend=Y | trade=  924 (1.3/hr) win=32.7% PFg=0.88 PFnet=0.69 NET=-135.6% maxDD=144.3% hold=165m cepat=1.4% reentry=2.6% best=11.37% | paruh -80.7/-54.9 | thn 2024:-39.9 2025:-73.3 2026:-22.3 | @0.04 -80.1 @0.20 -228.0
15m donchian n=100 k=4 trend=N | trade=  750 (1.0/hr) win=31.9% PFg=0.84 PFnet=0.69 NET=-143.5% maxDD=153.8% hold=345m cepat=0.7% reentry=1.9% best=10.50% | paruh -103.3/-40.2 | thn 2024:-42.4 2025:-91.6 2026:-9.6 | @0.04 -98.5 @0.20 -218.5
15m donchian n=100 k=4 trend=Y | trade=  744 (1.0/hr) win=32.0% PFg=0.84 PFnet=0.69 NET=-142.8% maxDD=153.5% hold=345m cepat=0.7% reentry=1.9% best=10.50% | paruh -103.4/-39.4 | thn 2024:-41.4 2025:-91.9 2026:-9.5 | @0.04 -98.1 @0.20 -217.2
15m sweep    n= 20 k=2 trend=N | trade= 3113 (4.3/hr) win=30.0% PFg=1.06 PFnet=0.72 NET=-267.9% maxDD=268.7% hold=105m cepat=3.8% reentry=33.6% best=12.37% | paruh -125.2/-142.7 | thn 2024:-9.2 2025:-164.3 2026:-94.4 | @0.04 -81.2 @0.20 -579.2
15m sweep    n= 20 k=2 trend=Y | trade= 1294 (1.8/hr) win=29.0% PFg=1.03 PFnet=0.68 NET=-120.9% maxDD=125.3% hold=120m cepat=1.9% reentry=22.9% best=4.64% | paruh -65.1/-55.8 | thn 2024:-8.4 2025:-76.9 2026:-35.6 | @0.04 -43.3 @0.20 -250.3
15m sweep    n= 20 k=3 trend=N | trade= 1810 (2.5/hr) win=32.6% PFg=1.07 PFnet=0.83 NET=-131.5% maxDD=135.9% hold=240m cepat=0.7% reentry=37.6% best=16.53% | paruh -47.5/-84.0 | thn 2024:-2.0 2025:-87.8 2026:-41.7 | @0.04 -22.9 @0.20 -312.5
15m sweep    n= 20 k=3 trend=Y | trade=  978 (1.3/hr) win=34.2% PFg=1.07 PFnet=0.81 NET=-74.4% maxDD=88.3% hold=255m cepat=0.3% reentry=18.8% best=7.83% | paruh -41.0/-33.4 | thn 2024:5.1 2025:-71.7 2026:-7.8 | @0.04 -15.7 @0.20 -172.2
15m sweep    n= 20 k=4 trend=N | trade= 1083 (1.5/hr) win=34.2% PFg=1.11 PFnet=0.93 NET=-46.8% maxDD=82.0% hold=450m cepat=0.2% reentry=38.4% best=12.57% | paruh -43.8/-3.0 | thn 2024:-24.0 2025:-31.3 2026:8.5 | @0.04 18.2 @0.20 -155.1
15m sweep    n= 20 k=4 trend=Y | trade=  754 (1.0/hr) win=35.4% PFg=1.06 PFnet=0.87 NET=-54.3% maxDD=87.9% hold=435m cepat=0.0% reentry=16.5% best=18.19% | paruh -20.7/-33.6 | thn 2024:28.0 2025:-68.5 2026:-13.8 | @0.04 -9.1 @0.20 -129.7
15m sweep    n= 50 k=2 trend=N | trade= 2263 (3.1/hr) win=30.3% PFg=1.06 PFnet=0.72 NET=-191.3% maxDD=194.0% hold=105m cepat=4.4% reentry=31.4% best=12.37% | paruh -87.7/-103.7 | thn 2024:-9.9 2025:-110.6 2026:-70.8 | @0.04 -55.6 @0.20 -417.6
15m sweep    n= 50 k=2 trend=Y | trade=  419 (0.6/hr) win=28.2% PFg=0.91 PFnet=0.58 NET=-49.7% maxDD=51.2% hold=105m cepat=2.6% reentry=18.2% best=4.68% | paruh -26.2/-23.4 | thn 2024:1.0 2025:-37.0 2026:-13.6 | @0.04 -24.5 @0.20 -91.6
15m sweep    n= 50 k=3 trend=N | trade= 1489 (2.0/hr) win=32.1% PFg=1.07 PFnet=0.83 NET=-111.6% maxDD=118.3% hold=225m cepat=1.0% reentry=32.6% best=16.53% | paruh -30.7/-81.0 | thn 2024:0.4 2025:-62.6 2026:-49.5 | @0.04 -22.3 @0.20 -260.5
15m sweep    n= 50 k=3 trend=Y | trade=  346 (0.5/hr) win=32.1% PFg=1.02 PFnet=0.78 NET=-31.8% maxDD=34.2% hold=240m cepat=0.6% reentry=14.5% best=7.83% | paruh -16.5/-15.4 | thn 2024:-0.0 2025:-25.8 2026:-6.0 | @0.04 -11.1 @0.20 -66.4
15m sweep    n= 50 k=4 trend=N | trade=  953 (1.3/hr) win=34.3% PFg=1.09 PFnet=0.91 NET=-49.3% maxDD=81.5% hold=420m cepat=0.3% reentry=32.2% best=12.57% | paruh -28.9/-20.4 | thn 2024:-8.5 2025:-39.8 2026:-1.0 | @0.04 7.9 @0.20 -144.6
15m sweep    n= 50 k=4 trend=Y | trade=  305 (0.4/hr) win=32.1% PFg=1.08 PFnet=0.87 NET=-19.7% maxDD=38.3% hold=405m cepat=0.0% reentry=9.2% best=7.70% | paruh -1.7/-18.0 | thn 2024:9.7 2025:-22.3 2026:-7.1 | @0.04 -1.4 @0.20 -50.2
15m sweep    n=100 k=2 trend=N | trade= 1544 (2.1/hr) win=30.7% PFg=1.02 PFnet=0.71 NET=-145.9% maxDD=147.3% hold=105m cepat=5.2% reentry=30.7% best=12.37% | paruh -57.6/-88.3 | thn 2024:-6.5 2025:-68.8 2026:-70.6 | @0.04 -53.2 @0.20 -300.3
15m sweep    n=100 k=2 trend=Y | trade=   42 (0.1/hr) win=31.0% PFg=1.09 PFnet=0.64 NET=-3.6% maxDD=5.4% hold=105m cepat=4.8% reentry=7.3% best=1.55% | paruh -0.7/-2.9 | thn 2024:1.3 2025:-1.4 2026:-3.4 | @0.04 -1.1 @0.20 -7.8
15m sweep    n=100 k=3 trend=N | trade= 1143 (1.6/hr) win=31.7% PFg=1.00 PFnet=0.78 NET=-114.2% maxDD=116.9% hold=225m cepat=1.7% reentry=30.1% best=16.53% | paruh -29.6/-84.5 | thn 2024:-9.3 2025:-23.6 2026:-81.4 | @0.04 -45.6 @0.20 -228.5
15m sweep    n=100 k=3 trend=Y | trade=   39 (0.1/hr) win=46.2% PFg=1.59 PFnet=1.17 NET=2.0% maxDD=4.4% hold=360m cepat=2.6% reentry=2.6% best=4.75% | paruh 5.1/-3.1 | thn 2024:1.1 2025:4.1 2026:-3.1 | @0.04 4.4 @0.20 -1.9
15m sweep    n=100 k=4 trend=N | trade=  778 (1.1/hr) win=33.5% PFg=1.12 PFnet=0.94 NET=-28.1% maxDD=76.7% hold=420m cepat=0.9% reentry=29.1% best=12.57% | paruh 12.6/-40.8 | thn 2024:-8.7 2025:11.5 2026:-30.9 | @0.04 18.6 @0.20 -105.9
15m sweep    n=100 k=4 trend=Y | trade=   35 (0.0/hr) win=37.1% PFg=2.00 PFnet=1.62 NET=9.1% maxDD=7.0% hold=465m cepat=2.9% reentry=5.9% best=7.70% | paruh 4.0/5.1 | thn 2024:2.1 2025:3.4 2026:3.6 | @0.04 11.2 @0.20 5.6

=== 1H (fee 0.10% round-trip; kolom terakhir = NET @0.04/0.20) ===
1h donchian n= 20 k=2 trend=N | trade=  725 (1.0/hr) win=34.6% PFg=0.94 PFnet=0.76 NET=-95.2% maxDD=103.6% hold=360m cepat=0.0% reentry=0.0% best=10.05% | paruh -81.4/-13.7 | thn 2024:-36.3 2025:-62.0 2026:3.1 | @0.04 -51.7 @0.20 -167.7
1h donchian n= 20 k=2 trend=Y | trade=  588 (0.8/hr) win=35.0% PFg=0.96 PFnet=0.78 NET=-69.8% maxDD=87.3% hold=360m cepat=0.0% reentry=0.0% best=10.05% | paruh -67.6/-2.2 | thn 2024:-23.5 2025:-60.3 2026:14.0 | @0.04 -34.5 @0.20 -128.6
1h donchian n= 20 k=3 trend=N | trade=  467 (0.6/hr) win=35.1% PFg=1.04 PFnet=0.92 NET=-31.3% maxDD=61.2% hold=960m cepat=0.0% reentry=0.0% best=14.51% | paruh -22.3/-9.0 | thn 2024:-3.2 2025:-32.2 2026:4.2 | @0.04 -3.3 @0.20 -78.0
1h donchian n= 20 k=3 trend=Y | trade=  408 (0.6/hr) win=36.3% PFg=1.06 PFnet=0.93 NET=-21.8% maxDD=57.2% hold=900m cepat=0.0% reentry=0.0% best=14.51% | paruh -23.9/2.1 | thn 2024:-0.9 2025:-35.8 2026:14.9 | @0.04 2.7 @0.20 -62.6
1h donchian n= 20 k=4 trend=N | trade=  301 (0.4/hr) win=35.5% PFg=1.05 PFnet=0.95 NET=-15.5% maxDD=60.3% hold=1740m cepat=0.0% reentry=0.0% best=15.46% | paruh 3.9/-19.4 | thn 2024:10.7 2025:-26.1 2026:-0.1 | @0.04 2.5 @0.20 -45.6
1h donchian n= 20 k=4 trend=Y | trade=  295 (0.4/hr) win=37.3% PFg=1.09 PFnet=0.99 NET=-3.6% maxDD=44.7% hold=1500m cepat=0.0% reentry=0.0% best=14.66% | paruh -2.0/-1.6 | thn 2024:13.0 2025:-26.7 2026:10.2 | @0.04 14.1 @0.20 -33.1
1h donchian n= 50 k=2 trend=N | trade=  455 (0.6/hr) win=36.0% PFg=0.96 PFnet=0.78 NET=-55.2% maxDD=69.6% hold=360m cepat=0.0% reentry=0.0% best=6.78% | paruh -50.9/-4.3 | thn 2024:-19.5 2025:-36.3 2026:0.6 | @0.04 -27.9 @0.20 -100.7
1h donchian n= 50 k=2 trend=Y | trade=  415 (0.6/hr) win=36.1% PFg=0.97 PFnet=0.79 NET=-47.7% maxDD=63.9% hold=360m cepat=0.0% reentry=0.0% best=5.87% | paruh -46.2/-1.6 | thn 2024:-18.2 2025:-29.6 2026:0.0 | @0.04 -22.8 @0.20 -89.2
1h donchian n= 50 k=3 trend=N | trade=  344 (0.5/hr) win=34.9% PFg=0.97 PFnet=0.85 NET=-42.2% maxDD=82.6% hold=840m cepat=0.0% reentry=0.0% best=14.51% | paruh -45.7/3.5 | thn 2024:-6.1 2025:-49.3 2026:13.2 | @0.04 -21.6 @0.20 -76.6
1h donchian n= 50 k=3 trend=Y | trade=  316 (0.4/hr) win=36.1% PFg=0.98 PFnet=0.86 NET=-37.5% maxDD=76.2% hold=840m cepat=0.0% reentry=0.0% best=14.51% | paruh -43.2/5.7 | thn 2024:-8.5 2025:-38.7 2026:9.7 | @0.04 -18.6 @0.20 -69.1
1h donchian n= 50 k=4 trend=N | trade=  234 (0.3/hr) win=40.2% PFg=1.24 PFnet=1.13 NET=31.1% maxDD=42.4% hold=1620m cepat=0.0% reentry=0.0% best=27.83% | paruh 39.8/-8.6 | thn 2024:20.6 2025:11.2 2026:-0.6 | @0.04 45.2 @0.20 7.7
1h donchian n= 50 k=4 trend=Y | trade=  225 (0.3/hr) win=39.1% PFg=1.21 PFnet=1.10 NET=22.3% maxDD=45.2% hold=1440m cepat=0.0% reentry=0.0% best=27.83% | paruh 34.0/-11.8 | thn 2024:16.7 2025:9.4 2026:-3.8 | @0.04 35.8 @0.20 -0.2
1h donchian n=100 k=2 trend=N | trade=  297 (0.4/hr) win=36.0% PFg=0.95 PFnet=0.78 NET=-37.9% maxDD=46.4% hold=300m cepat=0.0% reentry=0.0% best=5.87% | paruh -23.2/-14.7 | thn 2024:-10.0 2025:-10.2 2026:-17.6 | @0.04 -20.1 @0.20 -67.6
1h donchian n=100 k=2 trend=Y | trade=  292 (0.4/hr) win=36.6% PFg=0.97 PFnet=0.80 NET=-33.3% maxDD=44.1% hold=360m cepat=0.0% reentry=0.0% best=5.87% | paruh -17.1/-16.2 | thn 2024:-7.0 2025:-8.7 2026:-17.6 | @0.04 -15.8 @0.20 -62.5
1h donchian n=100 k=3 trend=N | trade=  227 (0.3/hr) win=35.7% PFg=0.90 PFnet=0.80 NET=-40.5% maxDD=69.4% hold=840m cepat=0.0% reentry=0.0% best=14.51% | paruh -16.6/-23.9 | thn 2024:5.5 2025:-20.3 2026:-25.7 | @0.04 -26.8 @0.20 -63.2
1h donchian n=100 k=3 trend=Y | trade=  223 (0.3/hr) win=35.9% PFg=0.93 PFnet=0.82 NET=-35.5% maxDD=68.1% hold=840m cepat=0.0% reentry=0.0% best=14.51% | paruh -6.5/-29.0 | thn 2024:8.1 2025:-17.9 2026:-25.7 | @0.04 -22.1 @0.20 -57.8
1h donchian n=100 k=4 trend=N | trade=  180 (0.2/hr) win=32.8% PFg=0.99 PFnet=0.91 NET=-19.4% maxDD=62.2% hold=1380m cepat=0.0% reentry=0.0% best=21.23% | paruh 17.1/-36.6 | thn 2024:20.8 2025:-3.8 2026:-36.4 | @0.04 -8.6 @0.20 -37.4
1h donchian n=100 k=4 trend=Y | trade=  177 (0.2/hr) win=32.8% PFg=1.02 PFnet=0.93 NET=-14.2% maxDD=60.8% hold=1380m cepat=0.0% reentry=0.0% best=21.23% | paruh 20.5/-34.7 | thn 2024:22.9 2025:-0.6 2026:-36.4 | @0.04 -3.6 @0.20 -31.9
1h sweep    n= 20 k=2 trend=N | trade=  798 (1.1/hr) win=34.0% PFg=0.96 PFnet=0.78 NET=-96.1% maxDD=97.2% hold=480m cepat=0.0% reentry=0.0% best=14.29% | paruh -45.1/-51.0 | thn 2024:-21.8 2025:-21.6 2026:-52.7 | @0.04 -48.3 @0.20 -175.9
1h sweep    n= 20 k=2 trend=Y | trade=  310 (0.4/hr) win=36.1% PFg=0.97 PFnet=0.78 NET=-34.8% maxDD=48.4% hold=480m cepat=0.0% reentry=0.0% best=6.91% | paruh -9.4/-25.4 | thn 2024:3.8 2025:-16.1 2026:-22.5 | @0.04 -16.2 @0.20 -65.8
1h sweep    n= 20 k=3 trend=N | trade=  469 (0.6/hr) win=34.1% PFg=1.01 PFnet=0.88 NET=-44.3% maxDD=62.2% hold=1020m cepat=0.0% reentry=0.0% best=12.36% | paruh -54.0/9.7 | thn 2024:-45.0 2025:4.2 2026:-3.5 | @0.04 -16.2 @0.20 -91.2
1h sweep    n= 20 k=3 trend=Y | trade=  246 (0.3/hr) win=38.2% PFg=1.10 PFnet=0.95 NET=-8.4% maxDD=38.3% hold=1020m cepat=0.0% reentry=0.0% best=8.82% | paruh -9.4/1.0 | thn 2024:14.1 2025:-19.0 2026:-3.5 | @0.04 6.4 @0.20 -33.0
1h sweep    n= 20 k=4 trend=N | trade=  281 (0.4/hr) win=31.7% PFg=0.83 PFnet=0.76 NET=-84.7% maxDD=109.7% hold=1740m cepat=0.0% reentry=0.0% best=33.78% | paruh -17.9/-66.8 | thn 2024:-44.2 2025:6.0 2026:-46.5 | @0.04 -67.8 @0.20 -112.8
1h sweep    n= 20 k=4 trend=Y | trade=  185 (0.3/hr) win=37.8% PFg=1.14 PFnet=1.03 NET=6.3% maxDD=35.5% hold=1800m cepat=0.0% reentry=0.0% best=15.38% | paruh 2.7/3.6 | thn 2024:10.1 2025:-9.1 2026:5.4 | @0.04 17.4 @0.20 -12.2
1h sweep    n= 50 k=2 trend=N | trade=  590 (0.8/hr) win=34.6% PFg=1.02 PFnet=0.84 NET=-52.5% maxDD=61.1% hold=480m cepat=0.0% reentry=0.0% best=14.29% | paruh -8.7/-43.7 | thn 2024:-6.9 2025:-5.9 2026:-39.6 | @0.04 -17.1 @0.20 -111.5
1h sweep    n= 50 k=2 trend=Y | trade=   98 (0.1/hr) win=40.8% PFg=0.74 PFnet=0.56 NET=-21.1% maxDD=22.8% hold=600m cepat=0.0% reentry=0.0% best=2.67% | paruh -2.9/-18.2 | thn 2024:-1.2 2025:-3.7 2026:-16.2 | @0.04 -15.2 @0.20 -30.9
1h sweep    n= 50 k=3 trend=N | trade=  373 (0.5/hr) win=36.5% PFg=1.15 PFnet=1.01 NET=2.2% maxDD=36.4% hold=1080m cepat=0.0% reentry=0.0% best=12.36% | paruh -13.6/15.8 | thn 2024:-30.2 2025:26.6 2026:5.8 | @0.04 24.6 @0.20 -35.1
1h sweep    n= 50 k=3 trend=Y | trade=   85 (0.1/hr) win=37.6% PFg=1.11 PFnet=0.95 NET=-2.9% maxDD=13.5% hold=1020m cepat=0.0% reentry=0.0% best=7.10% | paruh -8.2/5.3 | thn 2024:-5.3 2025:-4.6 2026:7.1 | @0.04 2.2 @0.20 -11.4
1h sweep    n= 50 k=4 trend=N | trade=  268 (0.4/hr) win=32.8% PFg=0.81 PFnet=0.74 NET=-85.1% maxDD=87.8% hold=1620m cepat=0.0% reentry=0.0% best=11.45% | paruh -7.4/-77.7 | thn 2024:-37.0 2025:18.3 2026:-66.4 | @0.04 -69.0 @0.20 -111.9
1h sweep    n= 50 k=4 trend=Y | trade=   77 (0.1/hr) win=39.0% PFg=1.04 PFnet=0.92 NET=-5.3% maxDD=13.6% hold=2040m cepat=0.0% reentry=0.0% best=6.49% | paruh -3.2/-2.1 | thn 2024:-9.1 2025:-2.3 2026:6.1 | @0.04 -0.7 @0.20 -13.0
1h sweep    n=100 k=2 trend=N | trade=  413 (0.6/hr) win=32.9% PFg=0.96 PFnet=0.80 NET=-49.2% maxDD=52.8% hold=420m cepat=0.0% reentry=0.0% best=14.29% | paruh -26.6/-22.6 | thn 2024:-18.1 2025:-14.0 2026:-17.1 | @0.04 -24.4 @0.20 -90.5
1h {"kind":"sweep","n":100,"k":2,"trend":true} n=11 (terlalu sedikit)
1h sweep    n=100 k=3 trend=N | trade=  294 (0.4/hr) win=35.0% PFg=1.08 PFnet=0.95 NET=-11.3% maxDD=31.3% hold=1020m cepat=0.0% reentry=0.0% best=12.36% | paruh -21.0/9.7 | thn 2024:-27.1 2025:17.9 2026:-2.1 | @0.04 6.3 @0.20 -40.7
1h {"kind":"sweep","n":100,"k":3,"trend":true} n=11 (terlalu sedikit)
1h sweep    n=100 k=4 trend=N | trade=  216 (0.3/hr) win=31.9% PFg=0.91 PFnet=0.83 NET=-42.5% maxDD=61.2% hold=1680m cepat=0.0% reentry=0.0% best=11.45% | paruh -3.3/-39.1 | thn 2024:-19.6 2025:4.3 2026:-27.2 | @0.04 -29.5 @0.20 -64.1
1h {"kind":"sweep","n":100,"k":4,"trend":true} n=11 (terlalu sedikit)

=== VALIDASI KETAT: 5 terbaik NET @0.10% (trials=108, perm iter=30, metrik perm = rata2 net/trade) ===
1h {"kind":"donchian","n":50,"k":4,"trend":false} NET=31.1% PFnet=1.13 n=234 | DSR=0.0% | perm p=0.233 (null mean -0.054%/trade vs asli 0.133%/trade)
1h {"kind":"donchian","n":50,"k":4,"trend":true} NET=22.3% PFnet=1.10 n=225 | DSR=0.0% | perm p=0.100 (null mean -0.131%/trade vs asli 0.099%/trade)
15m {"kind":"sweep","n":100,"k":4,"trend":true} NET=9.1% PFnet=1.62 n=35 | DSR=0.0% | perm p=0.033 (null mean -0.114%/trade vs asli 0.260%/trade)
1h {"kind":"sweep","n":20,"k":4,"trend":true} NET=6.3% PFnet=1.03 n=185 | DSR=0.0% | perm p=0.200 (null mean -0.127%/trade vs asli 0.034%/trade)
1h {"kind":"sweep","n":50,"k":3,"trend":false} NET=2.2% PFnet=1.01 n=373 | DSR=0.0% | perm p=0.067 (null mean -0.116%/trade vs asli 0.006%/trade)
