=== (a) OUT-OF-SAMPLE BTC 2019-09 s/d 2024-09 -- parameter PERSIS pemenang (lb100 tol1.05 bb2) ===
BTC OOS k=2                              n= 322 win=33.5% PFnet=0.98 NET=-3.3% maxDD=56.9% | paruh 25.9/-29.3 | thn 2019:1.3 2020:32.4 2021:-6.1 2022:-18.9 2023:-5.2 2024:-6.8 | @0.20 -35.5
BTC OOS k=3                              n= 286 win=35.0% PFnet=1.10 NET=27.5% maxDD=47.6% | paruh 44.9/-17.4 | thn 2019:9.0 2020:38.5 2021:-0.7 2022:-20.4 2023:9.3 2024:-8.3 | @0.20 -1.1
BTC OOS k=4                              n= 271 win=36.2% PFnet=0.95 NET=-17.9% maxDD=89.0% | paruh -16.7/-1.1 | thn 2019:1.7 2020:10.3 2021:-25.2 2022:-45.6 2023:46.9 2024:-5.9 | @0.20 -45.0

=== (b) SENSITIVITAS (BTC OOS | BTC in-sample), k=4 ===
OOS lb=50 tol=1 bb=1.5                   n= 390 win=32.3% PFnet=0.86 NET=-76.8% maxDD=104.6% | paruh -64.0/-12.8 | thn 2019:-11.4 2020:0.4 2021:-50.6 2022:-15.0 2023:20.4 2024:-20.7 | @0.20 -115.8
IS  lb=50 tol=1 bb=1.5                   n= 146 win=43.2% PFnet=1.44 NET=51.1% maxDD=15.6% | paruh 25.2/25.8 | thn 2024:3.3 2025:32.4 2026:15.3 | @0.20 36.5
OOS lb=50 tol=1 bb=2                     n= 272 win=34.9% PFnet=0.81 NET=-70.7% maxDD=91.8% | paruh -74.0/3.3 | thn 2019:-12.9 2020:-3.9 2021:-60.6 2022:-10.4 2023:27.9 2024:-10.8 | @0.20 -97.9
IS  lb=50 tol=1 bb=2                     n= 109 win=44.0% PFnet=1.27 NET=21.8% maxDD=24.3% | paruh -7.4/29.2 | thn 2024:-2.4 2025:9.7 2026:14.5 | @0.20 10.9
OOS lb=50 tol=1 bb=2.5                   n= 167 win=36.5% PFnet=0.87 NET=-27.4% maxDD=68.5% | paruh -56.9/29.5 | thn 2019:-10.8 2020:14.7 2021:-58.0 2022:6.5 2023:18.2 2024:1.9 | @0.20 -44.1
IS  lb=50 tol=1 bb=2.5                   n=  65 win=33.8% PFnet=0.95 NET=-2.9% maxDD=17.8% | paruh -1.9/-1.0 | thn 2024:-2.4 2025:2.2 2026:-2.8 | @0.20 -9.4
OOS lb=50 tol=1.05 bb=1.5                n= 476 win=32.8% PFnet=0.88 NET=-80.5% maxDD=126.3% | paruh -64.5/-16.0 | thn 2019:-7.5 2020:-12.0 2021:-11.1 2022:-65.3 2023:10.2 2024:5.2 | @0.20 -128.1
IS  lb=50 tol=1.05 bb=1.5                n= 177 win=36.7% PFnet=1.01 NET=1.5% maxDD=35.5% | paruh -23.4/24.9 | thn 2024:-13.0 2025:1.9 2026:12.5 | @0.20 -16.2
OOS lb=50 tol=1.05 bb=2                  n= 398 win=34.4% PFnet=0.77 NET=-133.8% maxDD=176.7% | paruh -109.2/-24.6 | thn 2019:-0.0 2020:-22.5 2021:-81.1 2022:-60.7 2023:37.0 2024:-6.5 | @0.20 -173.6
IS  lb=50 tol=1.05 bb=2                  n= 145 win=42.8% PFnet=1.12 NET=15.0% maxDD=31.8% | paruh -15.8/30.8 | thn 2024:-12.8 2025:15.1 2026:12.7 | @0.20 0.5
OOS lb=50 tol=1.05 bb=2.5                n= 257 win=35.4% PFnet=0.81 NET=-66.3% maxDD=94.1% | paruh -73.0/6.7 | thn 2019:-1.3 2020:1.6 2021:-64.5 2022:-9.5 2023:18.5 2024:-11.1 | @0.20 -92.0
IS  lb=50 tol=1.05 bb=2.5                n=  94 win=37.2% PFnet=1.13 NET=10.0% maxDD=18.2% | paruh 0.3/9.7 | thn 2024:-6.2 2025:8.8 2026:7.3 | @0.20 0.6
OOS lb=50 tol=1.2 bb=1.5                 n= 541 win=32.2% PFnet=0.75 NET=-214.0% maxDD=247.5% | paruh -160.7/-53.3 | thn 2019:-14.1 2020:-13.4 2021:-111.3 2022:-89.2 2023:13.7 2024:0.3 | @0.20 -268.1
IS  lb=50 tol=1.2 bb=1.5                 n= 201 win=36.3% PFnet=0.94 NET=-11.8% maxDD=36.5% | paruh -32.3/20.5 | thn 2024:-14.7 2025:-12.3 2026:15.2 | @0.20 -31.9
OOS lb=50 tol=1.2 bb=2                   n= 515 win=33.8% PFnet=0.75 NET=-203.8% maxDD=237.9% | paruh -143.5/-60.3 | thn 2019:4.2 2020:-11.5 2021:-118.9 2022:-87.0 2023:13.1 2024:-3.6 | @0.20 -255.3
IS  lb=50 tol=1.2 bb=2                   n= 185 win=37.8% PFnet=1.01 NET=1.1% maxDD=26.7% | paruh -14.7/15.8 | thn 2024:-23.5 2025:8.7 2026:15.9 | @0.20 -17.4
OOS lb=50 tol=1.2 bb=2.5                 n= 394 win=32.5% PFnet=0.79 NET=-120.8% maxDD=172.9% | paruh -60.8/-60.0 | thn 2019:-0.7 2020:18.7 2021:-45.7 2022:-91.1 2023:9.0 2024:-11.1 | @0.20 -160.2
IS  lb=50 tol=1.2 bb=2.5                 n= 139 win=33.8% PFnet=0.94 NET=-6.4% maxDD=29.0% | paruh -13.1/6.7 | thn 2024:-8.2 2025:-5.3 2026:7.1 | @0.20 -20.3
OOS lb=100 tol=1 bb=1.5                  n= 250 win=34.4% PFnet=0.91 NET=-24.9% maxDD=71.4% | paruh -21.3/-3.6 | thn 2019:-16.7 2020:19.8 2021:-10.4 2022:-43.6 2023:30.7 2024:-4.6 | @0.20 -49.9
IS  lb=100 tol=1 bb=1.5                  n=  94 win=43.6% PFnet=1.81 NET=47.0% maxDD=13.9% | paruh 33.9/13.1 | thn 2024:15.8 2025:17.9 2026:13.3 | @0.20 37.6
OOS lb=100 tol=1 bb=2                    n= 173 win=37.6% PFnet=0.99 NET=-2.2% maxDD=59.2% | paruh -22.5/20.3 | thn 2019:-10.9 2020:18.6 2021:-24.8 2022:-22.2 2023:38.9 2024:-1.8 | @0.20 -19.5
IS  lb=100 tol=1 bb=2                    n=  76 win=46.1% PFnet=1.64 NET=28.3% maxDD=7.6% | paruh 9.3/19.0 | thn 2024:3.9 2025:13.2 2026:11.2 | @0.20 20.7
OOS lb=100 tol=1 bb=2.5                  n= 106 win=43.4% PFnet=1.26 NET=29.1% maxDD=33.9% | paruh -8.0/37.1 | thn 2019:-6.2 2020:20.9 2021:-21.9 2022:3.9 2023:26.8 2024:5.4 | @0.20 18.5
IS  lb=100 tol=1 bb=2.5                  n=  48 win=37.5% PFnet=1.29 NET=9.7% maxDD=11.7% | paruh 2.0/7.7 | thn 2024:0.3 2025:2.3 2026:7.0 | @0.20 4.9
OOS lb=100 tol=1.05 bb=1.5               n= 336 win=33.9% PFnet=0.93 NET=-29.6% maxDD=79.1% | paruh -8.9/-20.7 | thn 2019:2.2 2020:13.8 2021:-17.9 2022:-48.8 2023:29.5 2024:-8.4 | @0.20 -63.2
IS  lb=100 tol=1.05 bb=1.5               n= 114 win=41.2% PFnet=1.55 NET=43.1% maxDD=24.3% | paruh 15.5/27.5 | thn 2024:14.6 2025:10.1 2026:18.4 | @0.20 31.7
OOS lb=100 tol=1.05 bb=2                 n= 271 win=36.2% PFnet=0.95 NET=-17.9% maxDD=89.0% | paruh -16.7/-1.1 | thn 2019:1.7 2020:10.3 2021:-25.2 2022:-45.6 2023:46.9 2024:-5.9 | @0.20 -45.0
IS  lb=100 tol=1.05 bb=2                 n=  97 win=48.5% PFnet=1.74 NET=41.8% maxDD=11.3% | paruh 17.2/24.5 | thn 2024:3.7 2025:16.4 2026:21.7 | @0.20 32.1
OOS lb=100 tol=1.05 bb=2.5               n= 173 win=41.0% PFnet=1.20 NET=37.6% maxDD=40.8% | paruh 7.1/30.5 | thn 2019:7.5 2020:17.1 2021:-14.6 2022:-5.5 2023:36.4 2024:-3.3 | @0.20 20.3
IS  lb=100 tol=1.05 bb=2.5               n=  70 win=38.6% PFnet=1.38 NET=18.4% maxDD=8.3% | paruh 7.2/11.2 | thn 2024:0.3 2025:6.8 2026:11.2 | @0.20 11.4
OOS lb=100 tol=1.2 bb=1.5                n= 406 win=33.0% PFnet=0.88 NET=-67.4% maxDD=147.8% | paruh -74.0/6.6 | thn 2019:-7.0 2020:37.0 2021:-95.9 2022:-32.0 2023:38.5 2024:-7.9 | @0.20 -108.0
IS  lb=100 tol=1.2 bb=1.5                n= 138 win=39.1% PFnet=1.32 NET=33.1% maxDD=21.0% | paruh 1.3/31.8 | thn 2024:-1.6 2025:16.7 2026:18.0 | @0.20 19.3
OOS lb=100 tol=1.2 bb=2                  n= 384 win=33.6% PFnet=0.85 NET=-78.1% maxDD=141.1% | paruh -58.8/-19.3 | thn 2019:-4.2 2020:32.1 2021:-80.9 2022:-46.0 2023:39.6 2024:-18.7 | @0.20 -116.5
IS  lb=100 tol=1.2 bb=2                  n= 132 win=37.9% PFnet=1.13 NET=13.5% maxDD=25.7% | paruh -14.5/28.0 | thn 2024:-8.5 2025:5.2 2026:16.7 | @0.20 0.3
OOS lb=100 tol=1.2 bb=2.5                n= 290 win=31.7% PFnet=0.84 NET=-63.6% maxDD=125.1% | paruh -40.3/-23.3 | thn 2019:-2.8 2020:29.0 2021:-62.5 2022:-38.5 2023:31.7 2024:-20.4 | @0.20 -92.6
IS  lb=100 tol=1.2 bb=2.5                n= 107 win=36.4% PFnet=1.11 NET=8.4% maxDD=22.6% | paruh -11.7/20.2 | thn 2024:1.6 2025:-5.8 2026:12.6 | @0.20 -2.3
OOS lb=200 tol=1 bb=1.5                  n= 134 win=32.8% PFnet=0.81 NET=-25.3% maxDD=32.9% | paruh -7.4/-17.9 | thn 2019:-5.6 2020:-0.4 2021:6.0 2022:-22.7 2023:6.0 2024:-8.6 | @0.20 -38.7
IS  lb=200 tol=1 bb=1.5                  n=  45 win=31.1% PFnet=1.06 NET=1.7% maxDD=8.3% | paruh 5.3/-3.6 | thn 2024:-5.3 2025:9.6 2026:-2.6 | @0.20 -2.8
OOS lb=200 tol=1 bb=2                    n=  96 win=34.4% PFnet=0.75 NET=-29.5% maxDD=31.5% | paruh -12.1/-17.4 | thn 2019:-6.2 2020:-3.6 2021:-2.2 2022:-15.2 2023:3.0 2024:-5.3 | @0.20 -39.1
IS  lb=200 tol=1 bb=2                    n=  33 win=36.4% PFnet=1.51 NET=9.6% maxDD=6.4% | paruh 9.1/0.5 | thn 2024:-5.5 2025:14.0 2026:1.1 | @0.20 6.3
OOS lb=200 tol=1 bb=2.5                  n=  59 win=42.4% PFnet=0.91 NET=-5.6% maxDD=18.6% | paruh -2.2/-3.3 | thn 2019:-1.5 2020:6.6 2021:-10.2 2022:-2.1 2023:3.7 2024:-2.0 | @0.20 -11.5
IS  lb=200 tol=1 bb=2.5                  n=  21 win=33.3% PFnet=1.41 NET=5.1% maxDD=4.6% | paruh 3.3/1.7 | thn 2024:-2.9 2025:6.2 2026:1.7 | @0.20 3.0
OOS lb=200 tol=1.05 bb=1.5               n= 204 win=30.9% PFnet=0.81 NET=-45.7% maxDD=58.8% | paruh -18.5/-27.2 | thn 2019:-0.3 2020:-0.8 2021:-17.4 2022:-23.6 2023:23.4 2024:-27.0 | @0.20 -66.1
IS  lb=200 tol=1.05 bb=1.5               n=  61 win=27.9% PFnet=0.86 NET=-5.8% maxDD=14.4% | paruh 1.6/-7.4 | thn 2024:-8.3 2025:9.3 2026:-6.8 | @0.20 -11.9
OOS lb=200 tol=1.05 bb=2                 n= 171 win=33.3% PFnet=0.74 NET=-57.3% maxDD=72.9% | paruh -44.0/-13.3 | thn 2019:1.4 2020:-18.0 2021:-26.2 2022:-21.2 2023:25.8 2024:-19.1 | @0.20 -74.4
IS  lb=200 tol=1.05 bb=2                 n=  48 win=37.5% PFnet=1.36 NET=10.3% maxDD=8.2% | paruh 6.9/3.3 | thn 2024:-7.2 2025:17.3 2026:0.2 | @0.20 5.5
OOS lb=200 tol=1.05 bb=2.5               n= 106 win=39.6% PFnet=1.04 NET=4.2% maxDD=32.4% | paruh -7.5/11.7 | thn 2019:6.5 2020:3.2 2021:-17.2 2022:-2.3 2023:25.5 2024:-11.6 | @0.20 -6.4
IS  lb=200 tol=1.05 bb=2.5               n=  33 win=39.4% PFnet=1.75 NET=14.0% maxDD=5.4% | paruh 10.2/3.7 | thn 2024:-2.9 2025:15.3 2026:1.6 | @0.20 10.7
OOS lb=200 tol=1.2 bb=1.5                n= 255 win=28.6% PFnet=0.72 NET=-90.7% maxDD=103.5% | paruh -66.7/-24.0 | thn 2019:-2.1 2020:-7.0 2021:-60.5 2022:-17.9 2023:14.3 2024:-17.5 | @0.20 -116.2
IS  lb=200 tol=1.2 bb=1.5                n=  85 win=34.1% PFnet=1.24 NET=13.1% maxDD=10.8% | paruh -0.9/14.0 | thn 2024:-3.9 2025:19.3 2026:-2.3 | @0.20 4.6
OOS lb=200 tol=1.2 bb=2                  n= 247 win=30.4% PFnet=0.67 NET=-113.9% maxDD=123.6% | paruh -92.1/-21.8 | thn 2019:-1.2 2020:-21.7 2021:-72.7 2022:-24.3 2023:26.1 2024:-20.2 | @0.20 -138.6
IS  lb=200 tol=1.2 bb=2                  n=  77 win=35.1% PFnet=1.14 NET=7.5% maxDD=14.9% | paruh -1.2/8.7 | thn 2024:-8.6 2025:16.3 2026:-0.2 | @0.20 -0.2
OOS lb=200 tol=1.2 bb=2.5                n= 189 win=30.7% PFnet=0.73 NET=-73.0% maxDD=90.0% | paruh -40.0/-33.1 | thn 2019:2.1 2020:-10.6 2021:-40.9 2022:-30.7 2023:29.0 2024:-21.9 | @0.20 -91.9
IS  lb=200 tol=1.2 bb=2.5                n=  59 win=33.9% PFnet=1.20 NET=8.0% maxDD=13.2% | paruh 9.6/-1.6 | thn 2024:0.2 2025:8.9 2026:-1.2 | @0.20 2.1
-> positif: OOS 3/27, in-sample 23/27
OOS k=3 (lb100 tol1.05 bb2)              n= 286 win=35.0% PFnet=1.10 NET=27.5% maxDD=47.6% | paruh 44.9/-17.4 | thn 2019:9.0 2020:38.5 2021:-0.7 2022:-20.4 2023:9.3 2024:-8.3 | @0.20 -1.1
OOS k=5 (lb100 tol1.05 bb2)              n= 243 win=37.9% PFnet=1.05 NET=17.5% maxDD=65.3% | paruh 2.2/15.4 | thn 2019:-4.9 2020:40.8 2021:-28.2 2022:-21.3 2023:49.7 2024:-18.6 | @0.20 -6.8

=== (c) LINTAS ASET: ETHUSDT 1H, parameter pemenang ===
ETH OOS k=3                              n= 278 win=39.6% PFnet=1.20 NET=58.3% maxDD=42.4% | paruh 60.7/-2.4 | thn 2019:-12.2 2020:17.8 2021:58.9 2022:-21.9 2023:7.3 2024:8.4 | @0.20 30.5
ETH IS  k=3                              n= 101 win=34.7% PFnet=0.73 NET=-27.8% maxDD=43.1% | paruh -31.5/3.7 | thn 2024:-18.5 2025:-19.0 2026:9.7 | @0.20 -37.9
ETH OOS k=4                              n= 253 win=39.9% PFnet=1.20 NET=72.0% maxDD=58.3% | paruh 87.1/-15.1 | thn 2019:-17.1 2020:67.5 2021:51.2 2022:-42.9 2023:18.8 2024:-5.4 | @0.20 46.7
ETH IS  k=4                              n=  94 win=34.0% PFnet=0.76 NET=-30.9% maxDD=49.0% | paruh -33.7/2.8 | thn 2024:-10.3 2025:-30.1 2026:9.5 | @0.20 -40.3
