
=== BTC 15m (NET @fee 0 | @slip 0,01%/sisi) ===
k=2 mean                  IS n=362 win=58.0% PF=1.31 NET=27.2%|20.0% DD=5.1% hold=105m best=2.74% [24:7 25:5 26:15] || OOS n=1023 win=60.3% PF=1.21 NET=68.0%|47.5% DD=15.6% hold=105m best=4.92% [19:0 20:13 21:34 22:21 23:4 24:-4]
k=2 trail                 IS n=356 win=37.6% PF=1.19 NET=14.8%|7.7% DD=12.9% hold=105m best=4.94% [24:11 25:-12 26:15] || OOS n=1029 win=41.2% PF=1.13 NET=38.6%|18.0% DD=17.4% hold=120m best=9.85% [19:2 20:-6 21:26 22:13 23:15 24:-14]
k=2 meanTrail trailK=0.5  IS n=361 win=57.1% PF=1.32 NET=27.9%|20.7% DD=6.7% hold=120m best=3.70% [24:11 25:5 26:12] || OOS n=1023 win=59.0% PF=1.19 NET=62.0%|41.6% DD=15.3% hold=120m best=4.46% [19:-1 20:10 21:31 22:17 23:9 24:-3]
k=2 meanTrail trailK=1    IS n=361 win=54.6% PF=1.24 NET=21.9%|14.7% DD=7.1% hold=135m best=4.30% [24:11 25:2 26:9] || OOS n=1023 win=57.8% PF=1.23 NET=77.2%|56.8% DD=12.8% hold=150m best=5.78% [19:-3 20:12 21:41 22:15 23:16 24:-4]
k=2 meanTrail trailK=1.5  IS n=358 win=52.0% PF=1.22 NET=20.3%|13.2% DD=8.3% hold=150m best=3.27% [24:14 25:-5 26:11] || OOS n=1015 win=52.7% PF=1.21 NET=73.4%|53.1% DD=12.7% hold=165m best=11.05% [19:0 20:7 21:49 22:9 23:13 24:-4]
k=2 meanTrail trailK=2    IS n=353 win=45.6% PF=1.23 NET=22.4%|15.4% DD=9.5% hold=180m best=4.87% [24:14 25:-7 26:16] || OOS n=1002 win=49.3% PF=1.22 NET=78.0%|58.0% DD=19.3% hold=195m best=10.27% [19:1 20:18 21:38 22:17 23:16 24:-12]
k=3 mean                  IS n=358 win=67.6% PF=1.38 NET=34.9%|27.7% DD=6.9% hold=135m best=2.74% [24:7 25:6 26:22] || OOS n=1013 win=67.5% PF=1.28 NET=92.1%|71.9% DD=16.3% hold=135m best=4.92% [19:2 20:30 21:31 22:25 23:10 24:-6]
k=3 trail                 IS n=335 win=40.3% PF=1.25 NET=26.0%|19.3% DD=13.4% hold=210m best=7.59% [24:23 25:-13 26:16] || OOS n=929 win=42.3% PF=1.25 NET=101.2%|82.6% DD=21.5% hold=270m best=12.36% [19:-0 20:37 21:35 22:23 23:15 24:-8]
k=3 meanTrail trailK=0.5  IS n=357 win=66.4% PF=1.36 NET=32.8%|25.7% DD=6.9% hold=150m best=3.70% [24:10 25:5 26:18] || OOS n=1013 win=65.3% PF=1.26 NET=88.6%|68.3% DD=15.6% hold=150m best=4.46% [19:1 20:27 21:27 22:24 23:16 24:-6]
k=3 meanTrail trailK=1    IS n=357 win=63.9% PF=1.28 NET=27.0%|19.8% DD=7.1% hold=165m best=4.30% [24:12 25:1 26:14] || OOS n=1013 win=64.2% PF=1.29 NET=99.8%|79.5% DD=14.9% hold=180m best=5.78% [19:-2 20:30 21:36 22:21 23:21 24:-6]
k=3 meanTrail trailK=1.5  IS n=354 win=60.2% PF=1.27 NET=26.0%|18.9% DD=8.6% hold=210m best=3.27% [24:14 25:-4 26:16] || OOS n=1004 win=58.9% PF=1.27 NET=98.1%|78.0% DD=15.5% hold=210m best=11.05% [19:-0 20:20 21:51 22:13 23:19 24:-5]
k=3 meanTrail trailK=2    IS n=349 win=53.3% PF=1.27 NET=28.0%|21.0% DD=11.6% hold=255m best=4.87% [24:14 25:-6 26:20] || OOS n=988 win=55.3% PF=1.27 NET=101.8%|82.1% DD=22.6% hold=255m best=10.27% [19:0 20:30 21:41 22:23 23:22 24:-14]
k=4 mean                  IS n=357 win=70.0% PF=1.40 NET=36.7%|29.5% DD=9.1% hold=150m best=2.74% [24:11 25:4 26:22] || OOS n=1004 win=70.0% PF=1.24 NET=83.9%|63.8% DD=20.8% hold=150m best=4.92% [19:-1 20:38 21:28 22:26 23:4 24:-10]
k=4 trail                 IS n=306 win=42.5% PF=1.24 NET=30.9%|24.8% DD=28.0% hold=390m best=18.19% [24:29 25:-20 26:22] || OOS n=831 win=43.0% PF=1.16 NET=80.4%|63.8% DD=40.6% hold=435m best=15.30% [19:-8 20:32 21:37 22:16 23:32 24:-28]
k=4 meanTrail trailK=0.5  IS n=356 win=68.8% PF=1.36 NET=33.4%|26.3% DD=8.7% hold=180m best=3.70% [24:13 25:2 26:18] || OOS n=1004 win=68.0% PF=1.25 NET=90.3%|70.2% DD=19.4% hold=180m best=9.64% [19:-2 20:36 21:32 22:23 23:10 24:-9]
k=4 meanTrail trailK=1    IS n=356 win=65.7% PF=1.29 NET=27.9%|20.8% DD=9.2% hold=195m best=4.30% [24:16 25:-2 26:14] || OOS n=1004 win=66.6% PF=1.28 NET=103.2%|83.1% DD=18.7% hold=195m best=9.40% [19:-5 20:37 21:40 22:24 23:16 24:-10]
k=4 meanTrail trailK=1.5  IS n=353 win=62.6% PF=1.26 NET=26.6%|19.5% DD=11.9% hold=225m best=3.27% [24:18 25:-9 26:17] || OOS n=994 win=61.2% PF=1.26 NET=100.1%|80.2% DD=20.4% hold=240m best=11.05% [19:-4 20:31 21:54 22:15 23:13 24:-9]
k=4 meanTrail trailK=2    IS n=348 win=55.2% PF=1.27 NET=28.8%|21.8% DD=14.4% hold=285m best=4.87% [24:17 25:-9 26:20] || OOS n=976 win=57.5% PF=1.22 NET=91.3%|71.8% DD=27.6% hold=285m best=10.27% [19:-4 20:34 21:41 22:24 23:14 24:-17]

=== BTC 5m (NET @fee 0 | @slip 0,01%/sisi) ===
k=2 mean                  IS n=888 win=53.3% PF=1.16 NET=20.6%|2.8% DD=8.3% hold=40m best=2.00% [24:6 25:15 26:-0] || OOS n=2375 win=60.2% PF=1.22 NET=104.5%|57.0% DD=10.2% hold=40m best=3.44% [19:-3 20:13 21:51 22:27 23:8 24:9]
k=2 trail                 IS n=893 win=39.6% PF=1.32 NET=32.3%|14.4% DD=5.9% hold=35m best=3.22% [24:7 25:17 26:8] || OOS n=2378 win=40.0% PF=1.24 NET=99.1%|51.5% DD=13.6% hold=40m best=6.52% [19:-4 20:10 21:72 22:7 23:2 24:13]
k=2 meanTrail trailK=0.5  IS n=887 win=53.7% PF=1.18 NET=22.4%|4.7% DD=10.1% hold=45m best=2.47% [24:5 25:18 26:-1] || OOS n=2373 win=59.1% PF=1.20 NET=95.4%|48.0% DD=14.1% hold=45m best=3.30% [19:-4 20:5 21:43 22:26 23:10 24:15]
k=2 meanTrail trailK=1    IS n=886 win=51.6% PF=1.20 NET=26.0%|8.3% DD=11.9% hold=50m best=3.42% [24:8 25:20 26:-2] || OOS n=2369 win=57.4% PF=1.22 NET=102.7%|55.3% DD=12.6% hold=50m best=5.04% [19:-4 20:7 21:47 22:23 23:11 24:18]
k=2 meanTrail trailK=1.5  IS n=885 win=49.2% PF=1.20 NET=25.7%|8.0% DD=11.6% hold=55m best=3.83% [24:6 25:22 26:-2] || OOS n=2362 win=53.4% PF=1.21 NET=101.6%|54.4% DD=15.4% hold=60m best=9.52% [19:-6 20:11 21:58 22:15 23:8 24:16]
k=2 meanTrail trailK=2    IS n=878 win=46.4% PF=1.22 NET=29.6%|12.0% DD=9.4% hold=60m best=3.81% [24:8 25:22 26:-1] || OOS n=2339 win=48.7% PF=1.25 NET=122.9%|76.1% DD=18.4% hold=65m best=9.26% [19:-8 20:12 21:78 22:20 23:6 24:15]
k=3 mean                  IS n=879 win=62.5% PF=1.26 NET=32.9%|15.3% DD=5.4% hold=50m best=2.00% [24:6 25:15 26:12] || OOS n=2342 win=68.3% PF=1.29 NET=135.5%|88.7% DD=11.4% hold=50m best=3.44% [19:-3 20:28 21:58 22:33 23:10 24:9]
k=3 trail                 IS n=838 win=39.4% PF=1.29 NET=42.3%|25.5% DD=9.6% hold=75m best=5.07% [24:11 25:14 26:17] || OOS n=2201 win=40.3% PF=1.28 NET=159.4%|115.4% DD=14.6% hold=90m best=9.31% [19:-12 20:46 21:103 22:5 23:9 24:10]
k=3 meanTrail trailK=0.5  IS n=878 win=62.3% PF=1.30 NET=37.9%|20.4% DD=4.5% hold=55m best=2.47% [24:5 25:20 26:13] || OOS n=2340 win=66.8% PF=1.27 NET=127.2%|80.4% DD=11.1% hold=55m best=3.30% [19:-4 20:18 21:53 22:30 23:14 24:16]
k=3 meanTrail trailK=1    IS n=877 win=59.2% PF=1.30 NET=39.9%|22.4% DD=4.9% hold=65m best=3.42% [24:6 25:23 26:11] || OOS n=2335 win=64.6% PF=1.27 NET=132.4%|85.7% DD=13.9% hold=60m best=5.04% [19:-2 20:21 21:55 22:26 23:13 24:19]
k=3 meanTrail trailK=1.5  IS n=876 win=56.1% PF=1.25 NET=34.1%|16.5% DD=5.8% hold=70m best=3.83% [24:4 25:21 26:9] || OOS n=2328 win=60.1% PF=1.26 NET=133.2%|86.6% DD=11.7% hold=70m best=9.52% [19:-5 20:26 21:63 22:20 23:13 24:16]
k=3 meanTrail trailK=2    IS n=868 win=52.8% PF=1.25 NET=36.6%|19.2% DD=7.2% hold=80m best=3.81% [24:6 25:17 26:13] || OOS n=2306 win=54.9% PF=1.27 NET=144.2%|98.1% DD=10.9% hold=85m best=9.26% [19:-8 20:24 21:79 22:23 23:13 24:13]
k=4 mean                  IS n=872 win=65.6% PF=1.34 NET=40.8%|23.4% DD=6.2% hold=55m best=2.00% [24:6 25:19 26:17] || OOS n=2327 win=71.2% PF=1.35 NET=160.1%|113.5% DD=10.0% hold=55m best=3.44% [19:6 20:36 21:57 22:38 23:18 24:7]
k=4 trail                 IS n=768 win=42.1% PF=1.35 NET=57.3%|41.9% DD=12.0% hold=130m best=4.90% [24:10 25:18 26:30] || OOS n=2005 win=40.8% PF=1.19 NET=132.0%|91.9% DD=22.9% hold=155m best=9.90% [19:-11 20:57 21:75 22:-3 23:15 24:0]
k=4 meanTrail trailK=0.5  IS n=871 win=65.3% PF=1.39 NET=47.6%|30.2% DD=5.9% hold=65m best=2.47% [24:4 25:25 26:19] || OOS n=2325 win=69.5% PF=1.32 NET=148.9%|102.4% DD=10.7% hold=60m best=3.30% [19:4 20:25 21:52 22:34 23:21 24:13]
k=4 meanTrail trailK=1    IS n=870 win=62.3% PF=1.38 NET=48.5%|31.1% DD=4.4% hold=70m best=3.42% [24:6 25:26 26:16] || OOS n=2319 win=67.4% PF=1.33 NET=159.4%|113.0% DD=10.0% hold=70m best=5.04% [19:7 20:27 21:55 22:31 23:22 24:16]
k=4 meanTrail trailK=1.5  IS n=868 win=59.2% PF=1.30 NET=40.6%|23.2% DD=5.5% hold=80m best=3.83% [24:4 25:24 26:13] || OOS n=2311 win=63.0% PF=1.32 NET=160.0%|113.8% DD=12.0% hold=80m best=9.52% [19:5 20:31 21:61 22:26 23:21 24:15]
k=4 meanTrail trailK=2    IS n=860 win=56.4% PF=1.33 NET=47.0%|29.8% DD=6.8% hold=90m best=3.81% [24:6 25:22 26:19] || OOS n=2287 win=57.7% PF=1.31 NET=168.0%|122.3% DD=12.0% hold=95m best=9.26% [19:1 20:29 21:77 22:29 23:21 24:12]
