[NinjaFvg] 5m: 210239 candle (2024-09-30 s/d 2026-09-30)
[NinjaFvg] 15m: 70079 candle (2024-09-30 s/d 2026-09-30)
[NinjaFvg] 1h: 17519 candle (2024-09-30 s/d 2026-09-30)

=== BASELINE: Channel Breakout 5M (sistem Ninja lama) ===
CB 5M fee 0.04%                    n= 2703 (3.7/hari) win=64.5% PFgross=11.11 PFnet=6.87 gross=739.3% fee=108.1% NET=631.2% ($94681, fee $16218) hold med=15m avg=17m cepat<=15m=72.6% reentry=539 (19.9%) maxDD=1.6% best=5.39% top5%share=31% >=1%:193 SLavg=0.121%
CB 5M fee 0.1%                     n= 2703 (3.7/hari) win=54.6% PFgross=11.11 PFnet=3.71 gross=739.3% fee=270.3% NET=469.0% ($70354, fee $40545) hold med=15m avg=17m cepat<=15m=72.6% reentry=539 (19.9%) maxDD=2.3% best=5.39% top5%share=31% >=1%:193 SLavg=0.121%
CB 5M fee 0.2%                     n= 2703 (3.7/hari) win=41.5% PFgross=11.11 PFnet=1.63 gross=739.3% fee=540.6% NET=198.7% ($29809, fee $81090) hold med=15m avg=17m cepat<=15m=72.6% reentry=539 (19.9%) maxDD=8.0% best=5.39% top5%share=31% >=1%:193 SLavg=0.121%
  per tahun @0.10%: 2024: n=367 net=75.8% PF=3.96 | 2025: n=1317 net=221.5% PF=3.57 | 2026: n=1019 net=171.8% PF=3.79

=== FVG 5M ===
FVG 5m w>=0.02% age96 fee 0.04%    n=17005 (23.3/hari) win=29.3% PFgross=1.04 PFnet=0.68 gross=54.7% fee=680.2% NET=-625.5% ($-93825, fee $102030) hold med=15m avg=39m cepat<=15m=50.8% reentry=8513 (50.1%) maxDD=625.5% best=5.65% top5%share=51% >=1%:217 SLavg=0.206%
FVG 5m w>=0.02% age96 fee 0.1%     n=17005 (23.3/hari) win=21.9% PFgross=1.04 PFnet=0.39 gross=54.7% fee=1700.5% NET=-1645.8% ($-246870, fee $255075) hold med=15m avg=39m cepat<=15m=50.8% reentry=8513 (50.1%) maxDD=1645.8% best=5.65% top5%share=51% >=1%:217 SLavg=0.206%
FVG 5m w>=0.02% age96 fee 0.2%     n=17005 (23.3/hari) win=14.0% PFgross=1.04 PFnet=0.19 gross=54.7% fee=3401.0% NET=-3346.3% ($-501945, fee $510150) hold med=15m avg=39m cepat<=15m=50.8% reentry=8513 (50.1%) maxDD=3346.3% best=5.65% top5%share=51% >=1%:217 SLavg=0.206%
FVG 5m w>=0.02% age288 fee 0.04%   n=17299 (23.7/hari) win=29.4% PFgross=1.03 PFnet=0.68 gross=53.6% fee=692.0% NET=-638.3% ($-95750, fee $103794) hold med=15m avg=41m cepat<=15m=51.3% reentry=8956 (51.8%) maxDD=638.4% best=5.65% top5%share=51% >=1%:231 SLavg=0.210%
FVG 5m w>=0.02% age288 fee 0.1%    n=17299 (23.7/hari) win=22.0% PFgross=1.03 PFnet=0.40 gross=53.6% fee=1729.9% NET=-1676.3% ($-251441, fee $259485) hold med=15m avg=41m cepat<=15m=51.3% reentry=8956 (51.8%) maxDD=1676.3% best=5.65% top5%share=51% >=1%:231 SLavg=0.210%
FVG 5m w>=0.02% age288 fee 0.2%    n=17299 (23.7/hari) win=14.0% PFgross=1.03 PFnet=0.19 gross=53.6% fee=3459.8% NET=-3406.2% ($-510926, fee $518970) hold med=15m avg=41m cepat<=15m=51.3% reentry=8956 (51.8%) maxDD=3406.2% best=5.65% top5%share=51% >=1%:231 SLavg=0.210%
FVG 5m w>=0.05% age96 fee 0.04%    n=11716 (16.0/hari) win=32.0% PFgross=1.03 PFnet=0.73 gross=36.2% fee=468.6% NET=-432.4% ($-64865, fee $70296) hold med=25m avg=52m cepat<=15m=37.8% reentry=5041 (43.0%) maxDD=432.5% best=5.65% top5%share=48% >=1%:210 SLavg=0.272%
FVG 5m w>=0.05% age96 fee 0.1%     n=11716 (16.0/hari) win=25.5% PFgross=1.03 PFnet=0.47 gross=36.2% fee=1171.6% NET=-1135.4% ($-170309, fee $175740) hold med=25m avg=52m cepat<=15m=37.8% reentry=5041 (43.0%) maxDD=1135.4% best=5.65% top5%share=48% >=1%:210 SLavg=0.272%
FVG 5m w>=0.05% age96 fee 0.2%     n=11716 (16.0/hari) win=17.7% PFgross=1.03 PFnet=0.24 gross=36.2% fee=2343.2% NET=-2307.0% ($-346049, fee $351480) hold med=25m avg=52m cepat<=15m=37.8% reentry=5041 (43.0%) maxDD=2307.0% best=5.65% top5%share=48% >=1%:210 SLavg=0.272%
FVG 5m w>=0.05% age288 fee 0.04%   n=12010 (16.5/hari) win=32.2% PFgross=1.04 PFnet=0.75 gross=56.4% fee=480.4% NET=-424.0% ($-63603, fee $72060) hold med=25m avg=54m cepat<=15m=38.5% reentry=5440 (45.3%) maxDD=424.1% best=5.65% top5%share=48% >=1%:228 SLavg=0.276%
FVG 5m w>=0.05% age288 fee 0.1%    n=12010 (16.5/hari) win=25.6% PFgross=1.04 PFnet=0.48 gross=56.4% fee=1201.0% NET=-1144.6% ($-171693, fee $180150) hold med=25m avg=54m cepat<=15m=38.5% reentry=5440 (45.3%) maxDD=1144.6% best=5.65% top5%share=48% >=1%:228 SLavg=0.276%
FVG 5m w>=0.05% age288 fee 0.2%    n=12010 (16.5/hari) win=17.8% PFgross=1.04 PFnet=0.25 gross=56.4% fee=2402.0% NET=-2345.6% ($-351843, fee $360300) hold med=25m avg=54m cepat<=15m=38.5% reentry=5440 (45.3%) maxDD=2345.6% best=5.65% top5%share=48% >=1%:228 SLavg=0.276%
FVG 5m w>=0.1% age96 fee 0.04%     n= 6086 (8.3/hari) win=33.8% PFgross=1.01 PFnet=0.79 gross=6.6% fee=243.4% NET=-236.8% ($-35521, fee $36516) hold med=35m avg=77m cepat<=15m=24.7% reentry=1948 (32.0%) maxDD=238.5% best=5.65% top5%share=46% >=1%:199 SLavg=0.395%
FVG 5m w>=0.1% age96 fee 0.1%      n= 6086 (8.3/hari) win=28.8% PFgross=1.01 PFnet=0.56 gross=6.6% fee=608.6% NET=-602.0% ($-90295, fee $91290) hold med=35m avg=77m cepat<=15m=24.7% reentry=1948 (32.0%) maxDD=602.0% best=5.65% top5%share=46% >=1%:199 SLavg=0.395%
FVG 5m w>=0.1% age96 fee 0.2%      n= 6086 (8.3/hari) win=21.8% PFgross=1.01 PFnet=0.33 gross=6.6% fee=1217.2% NET=-1210.6% ($-181585, fee $182580) hold med=35m avg=77m cepat<=15m=24.7% reentry=1948 (32.0%) maxDD=1210.6% best=5.65% top5%share=46% >=1%:199 SLavg=0.395%
FVG 5m w>=0.1% age288 fee 0.04%    n= 6343 (8.7/hari) win=34.3% PFgross=1.05 PFnet=0.82 gross=47.7% fee=253.7% NET=-206.0% ($-30905, fee $38058) hold med=35m avg=81m cepat<=15m=25.5% reentry=2149 (33.9%) maxDD=206.6% best=5.65% top5%share=46% >=1%:218 SLavg=0.399%
FVG 5m w>=0.1% age288 fee 0.1%     n= 6343 (8.7/hari) win=29.3% PFgross=1.05 PFnet=0.59 gross=47.7% fee=634.3% NET=-586.6% ($-87992, fee $95145) hold med=35m avg=81m cepat<=15m=25.5% reentry=2149 (33.9%) maxDD=586.6% best=5.65% top5%share=46% >=1%:218 SLavg=0.399%
FVG 5m w>=0.1% age288 fee 0.2%     n= 6343 (8.7/hari) win=22.4% PFgross=1.05 PFnet=0.35 gross=47.7% fee=1268.6% NET=-1220.9% ($-183137, fee $190290) hold med=35m avg=81m cepat<=15m=25.5% reentry=2149 (33.9%) maxDD=1220.9% best=5.65% top5%share=46% >=1%:218 SLavg=0.399%
FVG 5m w>=0.2% age96 fee 0.04%     n= 1930 (2.6/hari) win=35.7% PFgross=1.02 PFnet=0.87 gross=9.7% fee=77.2% NET=-67.5% ($-10122, fee $11580) hold med=60m avg=148m cepat<=15m=13.8% reentry=360 (18.7%) maxDD=83.2% best=5.65% top5%share=44% >=1%:152 SLavg=0.665%
FVG 5m w>=0.2% age96 fee 0.1%      n= 1930 (2.6/hari) win=31.7% PFgross=1.02 PFnet=0.70 gross=9.7% fee=193.0% NET=-183.3% ($-27492, fee $28950) hold med=60m avg=148m cepat<=15m=13.8% reentry=360 (18.7%) maxDD=191.5% best=5.65% top5%share=44% >=1%:152 SLavg=0.665%
FVG 5m w>=0.2% age96 fee 0.2%      n= 1930 (2.6/hari) win=27.3% PFgross=1.02 PFnet=0.50 gross=9.7% fee=386.0% NET=-376.3% ($-56442, fee $57900) hold med=60m avg=148m cepat<=15m=13.8% reentry=360 (18.7%) maxDD=377.1% best=5.65% top5%share=44% >=1%:152 SLavg=0.665%
FVG 5m w>=0.2% age288 fee 0.04%    n= 2048 (2.8/hari) win=35.9% PFgross=1.05 PFnet=0.90 gross=23.8% fee=81.9% NET=-58.1% ($-8713, fee $12288) hold med=60m avg=157m cepat<=15m=14.5% reentry=419 (20.5%) maxDD=75.6% best=5.65% top5%share=44% >=1%:166 SLavg=0.671%
FVG 5m w>=0.2% age288 fee 0.1%     n= 2048 (2.8/hari) win=32.0% PFgross=1.05 PFnet=0.72 gross=23.8% fee=204.8% NET=-181.0% ($-27145, fee $30720) hold med=60m avg=157m cepat<=15m=14.5% reentry=419 (20.5%) maxDD=189.4% best=5.65% top5%share=44% >=1%:166 SLavg=0.671%
FVG 5m w>=0.2% age288 fee 0.2%     n= 2048 (2.8/hari) win=27.7% PFgross=1.05 PFnet=0.52 gross=23.8% fee=409.6% NET=-385.8% ($-57865, fee $61440) hold med=60m avg=157m cepat<=15m=14.5% reentry=419 (20.5%) maxDD=387.5% best=5.65% top5%share=44% >=1%:166 SLavg=0.671%
FVG 5m w>=0.3% age96 fee 0.04%     n=  808 (1.1/hari) win=36.8% PFgross=1.02 PFnet=0.91 gross=6.4% fee=32.3% NET=-25.9% ($-3889, fee $4848) hold med=95m avg=236m cepat<=15m=9.2% reentry=108 (13.4%) maxDD=37.6% best=5.65% top5%share=42% >=1%:90 SLavg=0.924%
FVG 5m w>=0.3% age96 fee 0.1%      n=  808 (1.1/hari) win=33.4% PFgross=1.02 PFnet=0.77 gross=6.4% fee=80.8% NET=-74.4% ($-11161, fee $12120) hold med=95m avg=236m cepat<=15m=9.2% reentry=108 (13.4%) maxDD=81.5% best=5.65% top5%share=42% >=1%:90 SLavg=0.924%
FVG 5m w>=0.3% age96 fee 0.2%      n=  808 (1.1/hari) win=30.2% PFgross=1.02 PFnet=0.59 gross=6.4% fee=161.6% NET=-155.2% ($-23281, fee $24240) hold med=95m avg=236m cepat<=15m=9.2% reentry=108 (13.4%) maxDD=159.1% best=5.65% top5%share=42% >=1%:90 SLavg=0.924%
FVG 5m w>=0.3% age288 fee 0.04%    n=  863 (1.2/hari) win=36.3% PFgross=1.05 PFnet=0.94 gross=14.0% fee=34.5% NET=-20.6% ($-3084, fee $5178) hold med=95m avg=254m cepat<=15m=9.8% reentry=128 (14.8%) maxDD=46.4% best=5.65% top5%share=43% >=1%:100 SLavg=0.935%
FVG 5m w>=0.3% age288 fee 0.1%     n=  863 (1.2/hari) win=33.3% PFgross=1.05 PFnet=0.79 gross=14.0% fee=86.3% NET=-72.3% ($-10851, fee $12945) hold med=95m avg=254m cepat<=15m=9.8% reentry=128 (14.8%) maxDD=80.1% best=5.65% top5%share=43% >=1%:100 SLavg=0.935%
FVG 5m w>=0.3% age288 fee 0.2%     n=  863 (1.2/hari) win=30.4% PFgross=1.05 PFnet=0.61 gross=14.0% fee=172.6% NET=-158.6% ($-23796, fee $25890) hold med=95m avg=254m cepat<=15m=9.8% reentry=128 (14.8%) maxDD=161.9% best=5.65% top5%share=43% >=1%:100 SLavg=0.935%

=== FVG 15M ===
FVG 15m w>=0.02% age96 fee 0.04%   n= 5199 (7.1/hari) win=30.6% PFgross=1.09 PFnet=0.84 gross=69.3% fee=208.0% NET=-138.7% ($-20804, fee $31194) hold med=45m avg=122m cepat<=15m=24.4% reentry=1777 (34.2%) maxDD=145.6% best=31.53% top5%share=55% >=1%:170 SLavg=0.333%
FVG 15m w>=0.02% age96 fee 0.1%    n= 5199 (7.1/hari) win=25.8% PFgross=1.09 PFnet=0.59 gross=69.3% fee=519.9% NET=-450.6% ($-67595, fee $77985) hold med=45m avg=122m cepat<=15m=24.4% reentry=1777 (34.2%) maxDD=450.6% best=31.53% top5%share=55% >=1%:170 SLavg=0.333%
FVG 15m w>=0.02% age96 fee 0.2%    n= 5199 (7.1/hari) win=18.5% PFgross=1.09 PFnet=0.35 gross=69.3% fee=1039.8% NET=-970.5% ($-145580, fee $155970) hold med=45m avg=122m cepat<=15m=24.4% reentry=1777 (34.2%) maxDD=970.5% best=31.53% top5%share=55% >=1%:170 SLavg=0.333%
FVG 15m w>=0.02% age288 fee 0.04%  n= 5299 (7.3/hari) win=30.5% PFgross=1.09 PFnet=0.85 gross=69.8% fee=212.0% NET=-142.2% ($-21326, fee $31794) hold med=45m avg=127m cepat<=15m=25.3% reentry=1914 (36.1%) maxDD=150.4% best=31.53% top5%share=55% >=1%:185 SLavg=0.344%
FVG 15m w>=0.02% age288 fee 0.1%   n= 5299 (7.3/hari) win=25.8% PFgross=1.09 PFnet=0.60 gross=69.8% fee=529.9% NET=-460.1% ($-69017, fee $79485) hold med=45m avg=127m cepat<=15m=25.3% reentry=1914 (36.1%) maxDD=460.1% best=31.53% top5%share=55% >=1%:185 SLavg=0.344%
FVG 15m w>=0.02% age288 fee 0.2%   n= 5299 (7.3/hari) win=18.8% PFgross=1.09 PFnet=0.37 gross=69.8% fee=1059.8% NET=-990.0% ($-148502, fee $158970) hold med=45m avg=127m cepat<=15m=25.3% reentry=1914 (36.1%) maxDD=990.0% best=31.53% top5%share=55% >=1%:185 SLavg=0.344%
FVG 15m w>=0.05% age96 fee 0.04%   n= 4089 (5.6/hari) win=32.7% PFgross=1.08 PFnet=0.87 gross=56.0% fee=163.6% NET=-107.5% ($-16128, fee $24534) hold med=45m avg=148m cepat<=15m=16.7% reentry=1217 (29.8%) maxDD=121.0% best=31.53% top5%share=52% >=1%:170 SLavg=0.407%
FVG 15m w>=0.05% age96 fee 0.1%    n= 4089 (5.6/hari) win=28.4% PFgross=1.08 PFnet=0.64 gross=56.0% fee=408.9% NET=-352.9% ($-52929, fee $61335) hold med=45m avg=148m cepat<=15m=16.7% reentry=1217 (29.8%) maxDD=352.9% best=31.53% top5%share=52% >=1%:170 SLavg=0.407%
FVG 15m w>=0.05% age96 fee 0.2%    n= 4089 (5.6/hari) win=21.2% PFgross=1.08 PFnet=0.40 gross=56.0% fee=817.8% NET=-761.8% ($-114264, fee $122670) hold med=45m avg=148m cepat<=15m=16.7% reentry=1217 (29.8%) maxDD=761.8% best=31.53% top5%share=52% >=1%:170 SLavg=0.407%
FVG 15m w>=0.05% age288 fee 0.04%  n= 4189 (5.7/hari) win=33.1% PFgross=1.09 PFnet=0.88 gross=62.9% fee=167.6% NET=-104.6% ($-15694, fee $25134) hold med=45m avg=154m cepat<=15m=17.3% reentry=1322 (31.6%) maxDD=121.3% best=31.53% top5%share=52% >=1%:185 SLavg=0.419%
FVG 15m w>=0.05% age288 fee 0.1%   n= 4189 (5.7/hari) win=28.7% PFgross=1.09 PFnet=0.65 gross=62.9% fee=418.9% NET=-356.0% ($-53395, fee $62835) hold med=45m avg=154m cepat<=15m=17.3% reentry=1322 (31.6%) maxDD=356.0% best=31.53% top5%share=52% >=1%:185 SLavg=0.419%
FVG 15m w>=0.05% age288 fee 0.2%   n= 4189 (5.7/hari) win=21.7% PFgross=1.09 PFnet=0.42 gross=62.9% fee=837.8% NET=-774.9% ($-116230, fee $125670) hold med=45m avg=154m cepat<=15m=17.3% reentry=1322 (31.6%) maxDD=774.9% best=31.53% top5%share=52% >=1%:185 SLavg=0.419%
FVG 15m w>=0.1% age96 fee 0.04%    n= 2743 (3.8/hari) win=35.1% PFgross=1.09 PFnet=0.92 gross=55.3% fee=109.7% NET=-54.4% ($-8159, fee $16458) hold med=75m avg=200m cepat<=15m=10.0% reentry=678 (24.7%) maxDD=82.5% best=31.53% top5%share=50% >=1%:163 SLavg=0.538%
FVG 15m w>=0.1% age96 fee 0.1%     n= 2743 (3.8/hari) win=31.5% PFgross=1.09 PFnet=0.72 gross=55.3% fee=274.3% NET=-219.0% ($-32846, fee $41145) hold med=75m avg=200m cepat<=15m=10.0% reentry=678 (24.7%) maxDD=219.0% best=31.53% top5%share=50% >=1%:163 SLavg=0.538%
FVG 15m w>=0.1% age96 fee 0.2%     n= 2743 (3.8/hari) win=24.7% PFgross=1.09 PFnet=0.49 gross=55.3% fee=548.6% NET=-493.3% ($-73991, fee $82290) hold med=75m avg=200m cepat<=15m=10.0% reentry=678 (24.7%) maxDD=493.3% best=31.53% top5%share=50% >=1%:163 SLavg=0.538%
FVG 15m w>=0.1% age288 fee 0.04%   n= 2851 (3.9/hari) win=35.4% PFgross=1.10 PFnet=0.93 gross=65.9% fee=114.0% NET=-48.2% ($-7227, fee $17106) hold med=75m avg=206m cepat<=15m=10.3% reentry=759 (26.6%) maxDD=83.7% best=31.53% top5%share=50% >=1%:177 SLavg=0.551%
FVG 15m w>=0.1% age288 fee 0.1%    n= 2851 (3.9/hari) win=31.7% PFgross=1.10 PFnet=0.73 gross=65.9% fee=285.1% NET=-219.2% ($-32886, fee $42765) hold med=75m avg=206m cepat<=15m=10.3% reentry=759 (26.6%) maxDD=219.2% best=31.53% top5%share=50% >=1%:177 SLavg=0.551%
FVG 15m w>=0.1% age288 fee 0.2%    n= 2851 (3.9/hari) win=25.3% PFgross=1.10 PFnet=0.51 gross=65.9% fee=570.2% NET=-504.3% ($-75651, fee $85530) hold med=75m avg=206m cepat<=15m=10.3% reentry=759 (26.6%) maxDD=504.3% best=31.53% top5%share=50% >=1%:177 SLavg=0.551%
FVG 15m w>=0.2% age96 fee 0.04%    n= 1341 (1.8/hari) win=37.4% PFgross=1.10 PFnet=0.97 gross=41.3% fee=53.6% NET=-12.4% ($-1853, fee $8046) hold med=120m avg=333m cepat<=15m=4.8% reentry=250 (18.7%) maxDD=49.9% best=31.53% top5%share=48% >=1%:136 SLavg=0.814%
FVG 15m w>=0.2% age96 fee 0.1%     n= 1341 (1.8/hari) win=34.8% PFgross=1.10 PFnet=0.81 gross=41.3% fee=134.1% NET=-92.8% ($-13922, fee $20115) hold med=120m avg=333m cepat<=15m=4.8% reentry=250 (18.7%) maxDD=106.9% best=31.53% top5%share=48% >=1%:136 SLavg=0.814%
FVG 15m w>=0.2% age96 fee 0.2%     n= 1341 (1.8/hari) win=28.8% PFgross=1.10 PFnet=0.62 gross=41.3% fee=268.2% NET=-226.9% ($-34037, fee $40230) hold med=120m avg=333m cepat<=15m=4.8% reentry=250 (18.7%) maxDD=230.5% best=31.53% top5%share=48% >=1%:136 SLavg=0.814%
FVG 15m w>=0.2% age288 fee 0.04%   n= 1426 (2.0/hari) win=38.1% PFgross=1.11 PFnet=0.98 gross=49.4% fee=57.0% NET=-7.6% ($-1142, fee $8556) hold med=120m avg=340m cepat<=15m=4.7% reentry=290 (20.4%) maxDD=49.1% best=31.53% top5%share=48% >=1%:145 SLavg=0.830%
FVG 15m w>=0.2% age288 fee 0.1%    n= 1426 (2.0/hari) win=35.1% PFgross=1.11 PFnet=0.83 gross=49.4% fee=142.6% NET=-93.2% ($-13976, fee $21390) hold med=120m avg=340m cepat<=15m=4.7% reentry=290 (20.4%) maxDD=107.5% best=31.53% top5%share=48% >=1%:145 SLavg=0.830%
FVG 15m w>=0.2% age288 fee 0.2%    n= 1426 (2.0/hari) win=29.2% PFgross=1.11 PFnet=0.63 gross=49.4% fee=285.2% NET=-235.8% ($-35366, fee $42780) hold med=120m avg=340m cepat<=15m=4.7% reentry=290 (20.4%) maxDD=237.4% best=31.53% top5%share=48% >=1%:145 SLavg=0.830%
FVG 15m w>=0.3% age96 fee 0.04%    n=  746 (1.0/hari) win=36.9% PFgross=1.06 PFnet=0.97 gross=18.6% fee=29.8% NET=-11.2% ($-1679, fee $4476) hold med=165m avg=506m cepat<=15m=2.5% reentry=105 (14.1%) maxDD=45.8% best=31.53% top5%share=49% >=1%:99 SLavg=1.080%
FVG 15m w>=0.3% age96 fee 0.1%     n=  746 (1.0/hari) win=34.6% PFgross=1.06 PFnet=0.84 gross=18.6% fee=74.6% NET=-56.0% ($-8393, fee $11190) hold med=165m avg=506m cepat<=15m=2.5% reentry=105 (14.1%) maxDD=66.8% best=31.53% top5%share=49% >=1%:99 SLavg=1.080%
FVG 15m w>=0.3% age96 fee 0.2%     n=  746 (1.0/hari) win=30.8% PFgross=1.06 PFnet=0.68 gross=18.6% fee=149.2% NET=-130.6% ($-19583, fee $22380) hold med=165m avg=506m cepat<=15m=2.5% reentry=105 (14.1%) maxDD=130.9% best=31.53% top5%share=49% >=1%:99 SLavg=1.080%
FVG 15m w>=0.3% age288 fee 0.04%   n=  818 (1.1/hari) win=37.5% PFgross=1.07 PFnet=0.97 gross=22.4% fee=32.7% NET=-10.4% ($-1554, fee $4908) hold med=180m avg=507m cepat<=15m=2.7% reentry=127 (15.5%) maxDD=47.1% best=31.53% top5%share=49% >=1%:108 SLavg=1.089%
FVG 15m w>=0.3% age288 fee 0.1%    n=  818 (1.1/hari) win=35.0% PFgross=1.07 PFnet=0.85 gross=22.4% fee=81.8% NET=-59.4% ($-8916, fee $12270) hold med=180m avg=507m cepat<=15m=2.7% reentry=127 (15.5%) maxDD=70.8% best=31.53% top5%share=49% >=1%:108 SLavg=1.089%
FVG 15m w>=0.3% age288 fee 0.2%    n=  818 (1.1/hari) win=31.1% PFgross=1.07 PFnet=0.68 gross=22.4% fee=163.6% NET=-141.2% ($-21186, fee $24540) hold med=180m avg=507m cepat<=15m=2.7% reentry=127 (15.5%) maxDD=141.2% best=31.53% top5%share=49% >=1%:108 SLavg=1.089%

=== FVG 1H ===
FVG 1h w>=0.02% age48 fee 0.04%    n= 1214 (1.7/hari) win=34.3% PFgross=1.19 PFnet=1.04 gross=64.2% fee=48.6% NET=15.6% ($2344, fee $7284) hold med=180m avg=485m cepat<=15m=0.0% reentry=230 (19.0%) maxDD=37.1% best=25.68% top5%share=54% >=1%:109 SLavg=0.686%
FVG 1h w>=0.02% age48 fee 0.1%     n= 1214 (1.7/hari) win=31.3% PFgross=1.19 PFnet=0.86 gross=64.2% fee=121.4% NET=-57.2% ($-8582, fee $18210) hold med=180m avg=485m cepat<=15m=0.0% reentry=230 (19.0%) maxDD=74.7% best=25.68% top5%share=54% >=1%:109 SLavg=0.686%
FVG 1h w>=0.02% age48 fee 0.2%     n= 1214 (1.7/hari) win=26.9% PFgross=1.19 PFnet=0.64 gross=64.2% fee=242.8% NET=-178.6% ($-26792, fee $36420) hold med=180m avg=485m cepat<=15m=0.0% reentry=230 (19.0%) maxDD=181.7% best=25.68% top5%share=54% >=1%:109 SLavg=0.686%
FVG 1h w>=0.02% age168 fee 0.04%   n= 1296 (1.8/hari) win=34.0% PFgross=1.16 PFnet=1.02 gross=59.7% fee=51.8% NET=7.9% ($1179, fee $7776) hold med=180m avg=488m cepat<=15m=0.0% reentry=274 (21.2%) maxDD=49.9% best=25.68% top5%share=54% >=1%:120 SLavg=0.696%
FVG 1h w>=0.02% age168 fee 0.1%    n= 1296 (1.8/hari) win=31.0% PFgross=1.16 PFnet=0.84 gross=59.7% fee=129.6% NET=-69.9% ($-10485, fee $19440) hold med=180m avg=488m cepat<=15m=0.0% reentry=274 (21.2%) maxDD=91.6% best=25.68% top5%share=54% >=1%:120 SLavg=0.696%
FVG 1h w>=0.02% age168 fee 0.2%    n= 1296 (1.8/hari) win=26.2% PFgross=1.16 PFnet=0.63 gross=59.7% fee=259.2% NET=-199.5% ($-29925, fee $38880) hold med=180m avg=488m cepat<=15m=0.0% reentry=274 (21.2%) maxDD=202.9% best=25.68% top5%share=54% >=1%:120 SLavg=0.696%
FVG 1h w>=0.05% age48 fee 0.04%    n= 1076 (1.5/hari) win=36.1% PFgross=1.18 PFnet=1.05 gross=59.2% fee=43.0% NET=16.1% ($2417, fee $6456) hold med=180m avg=536m cepat<=15m=0.0% reentry=201 (18.7%) maxDD=36.6% best=25.68% top5%share=53% >=1%:106 SLavg=0.766%
FVG 1h w>=0.05% age48 fee 0.1%     n= 1076 (1.5/hari) win=33.1% PFgross=1.18 PFnet=0.88 gross=59.2% fee=107.6% NET=-48.4% ($-7267, fee $16140) hold med=180m avg=536m cepat<=15m=0.0% reentry=201 (18.7%) maxDD=67.3% best=25.68% top5%share=53% >=1%:106 SLavg=0.766%
FVG 1h w>=0.05% age48 fee 0.2%     n= 1076 (1.5/hari) win=28.6% PFgross=1.18 PFnet=0.67 gross=59.2% fee=215.2% NET=-156.0% ($-23407, fee $32280) hold med=180m avg=536m cepat<=15m=0.0% reentry=201 (18.7%) maxDD=161.4% best=25.68% top5%share=53% >=1%:106 SLavg=0.766%
FVG 1h w>=0.05% age168 fee 0.04%   n= 1157 (1.6/hari) win=35.3% PFgross=1.15 PFnet=1.02 gross=53.7% fee=46.3% NET=7.4% ($1114, fee $6942) hold med=180m avg=536m cepat<=15m=0.0% reentry=243 (21.0%) maxDD=50.8% best=25.68% top5%share=53% >=1%:116 SLavg=0.771%
FVG 1h w>=0.05% age168 fee 0.1%    n= 1157 (1.6/hari) win=32.4% PFgross=1.15 PFnet=0.86 gross=53.7% fee=115.7% NET=-62.0% ($-9299, fee $17355) hold med=180m avg=536m cepat<=15m=0.0% reentry=243 (21.0%) maxDD=85.4% best=25.68% top5%share=53% >=1%:116 SLavg=0.771%
FVG 1h w>=0.05% age168 fee 0.2%    n= 1157 (1.6/hari) win=27.5% PFgross=1.15 PFnet=0.65 gross=53.7% fee=231.4% NET=-177.7% ($-26654, fee $34710) hold med=180m avg=536m cepat<=15m=0.0% reentry=243 (21.0%) maxDD=183.4% best=25.68% top5%share=53% >=1%:116 SLavg=0.771%
FVG 1h w>=0.1% age48 fee 0.04%     n=  902 (1.2/hari) win=38.6% PFgross=1.19 PFnet=1.07 gross=60.8% fee=36.1% NET=24.7% ($3703, fee $5412) hold med=240m avg=623m cepat<=15m=0.0% reentry=154 (17.1%) maxDD=32.9% best=25.68% top5%share=50% >=1%:106 SLavg=0.888%
FVG 1h w>=0.1% age48 fee 0.1%      n=  902 (1.2/hari) win=36.1% PFgross=1.19 PFnet=0.92 gross=60.8% fee=90.2% NET=-29.4% ($-4415, fee $13530) hold med=240m avg=623m cepat<=15m=0.0% reentry=154 (17.1%) maxDD=49.5% best=25.68% top5%share=50% >=1%:106 SLavg=0.888%
FVG 1h w>=0.1% age48 fee 0.2%      n=  902 (1.2/hari) win=31.2% PFgross=1.19 PFnet=0.72 gross=60.8% fee=180.4% NET=-119.6% ($-17945, fee $27060) hold med=240m avg=623m cepat<=15m=0.0% reentry=154 (17.1%) maxDD=128.1% best=25.68% top5%share=50% >=1%:106 SLavg=0.888%
FVG 1h w>=0.1% age168 fee 0.04%    n=  974 (1.3/hari) win=38.2% PFgross=1.16 PFnet=1.05 gross=56.2% fee=39.0% NET=17.2% ($2586, fee $5844) hold med=180m avg=620m cepat<=15m=0.0% reentry=186 (19.1%) maxDD=46.0% best=25.68% top5%share=51% >=1%:113 SLavg=0.891%
FVG 1h w>=0.1% age168 fee 0.1%     n=  974 (1.3/hari) win=35.5% PFgross=1.16 PFnet=0.90 gross=56.2% fee=97.4% NET=-41.2% ($-6180, fee $14610) hold med=180m avg=620m cepat<=15m=0.0% reentry=186 (19.1%) maxDD=64.9% best=25.68% top5%share=51% >=1%:113 SLavg=0.891%
FVG 1h w>=0.1% age168 fee 0.2%     n=  974 (1.3/hari) win=30.1% PFgross=1.16 PFnet=0.70 gross=56.2% fee=194.8% NET=-138.6% ($-20790, fee $29220) hold med=180m avg=620m cepat<=15m=0.0% reentry=186 (19.1%) maxDD=148.9% best=25.68% top5%share=51% >=1%:113 SLavg=0.891%
FVG 1h w>=0.2% age48 fee 0.04%     n=  632 (0.9/hari) win=38.9% PFgross=1.17 PFnet=1.07 gross=46.0% fee=25.3% NET=20.8% ($3114, fee $3792) hold med=300m avg=826m cepat<=15m=0.0% reentry=91 (14.4%) maxDD=29.2% best=25.68% top5%share=49% >=1%:97 SLavg=1.152%
FVG 1h w>=0.2% age48 fee 0.1%      n=  632 (0.9/hari) win=36.7% PFgross=1.17 PFnet=0.95 gross=46.0% fee=63.2% NET=-17.2% ($-2574, fee $9480) hold med=300m avg=826m cepat<=15m=0.0% reentry=91 (14.4%) maxDD=43.7% best=25.68% top5%share=49% >=1%:97 SLavg=1.152%
FVG 1h w>=0.2% age48 fee 0.2%      n=  632 (0.9/hari) win=32.4% PFgross=1.17 PFnet=0.77 gross=46.0% fee=126.4% NET=-80.4% ($-12054, fee $18960) hold med=300m avg=826m cepat<=15m=0.0% reentry=91 (14.4%) maxDD=92.3% best=25.68% top5%share=49% >=1%:97 SLavg=1.152%
FVG 1h w>=0.2% age168 fee 0.04%    n=  674 (0.9/hari) win=39.8% PFgross=1.20 PFnet=1.10 gross=58.3% fee=27.0% NET=31.4% ($4705, fee $4044) hold med=300m avg=839m cepat<=15m=0.0% reentry=110 (16.3%) maxDD=37.6% best=25.68% top5%share=49% >=1%:105 SLavg=1.165%
FVG 1h w>=0.2% age168 fee 0.1%     n=  674 (0.9/hari) win=37.4% PFgross=1.20 PFnet=0.97 gross=58.3% fee=67.4% NET=-9.1% ($-1361, fee $10110) hold med=300m avg=839m cepat<=15m=0.0% reentry=110 (16.3%) maxDD=47.2% best=25.68% top5%share=49% >=1%:105 SLavg=1.165%
FVG 1h w>=0.2% age168 fee 0.2%     n=  674 (0.9/hari) win=32.6% PFgross=1.20 PFnet=0.80 gross=58.3% fee=134.8% NET=-76.5% ($-11471, fee $20220) hold med=300m avg=839m cepat<=15m=0.0% reentry=110 (16.3%) maxDD=92.0% best=25.68% top5%share=49% >=1%:105 SLavg=1.165%
FVG 1h w>=0.3% age48 fee 0.04%     n=  457 (0.6/hari) win=37.9% PFgross=1.11 PFnet=1.04 gross=27.4% fee=18.3% NET=9.1% ($1371, fee $2742) hold med=360m avg=1035m cepat<=15m=0.0% reentry=58 (12.7%) maxDD=31.3% best=25.68% top5%share=49% >=1%:79 SLavg=1.407%
FVG 1h w>=0.3% age48 fee 0.1%      n=  457 (0.6/hari) win=36.3% PFgross=1.11 PFnet=0.93 gross=27.4% fee=45.7% NET=-18.3% ($-2742, fee $6855) hold med=360m avg=1035m cepat<=15m=0.0% reentry=58 (12.7%) maxDD=35.6% best=25.68% top5%share=49% >=1%:79 SLavg=1.407%
FVG 1h w>=0.3% age48 fee 0.2%      n=  457 (0.6/hari) win=32.6% PFgross=1.11 PFnet=0.79 gross=27.4% fee=91.4% NET=-64.0% ($-9597, fee $13710) hold med=360m avg=1035m cepat<=15m=0.0% reentry=58 (12.7%) maxDD=71.4% best=25.68% top5%share=49% >=1%:79 SLavg=1.407%
FVG 1h w>=0.3% age168 fee 0.04%    n=  483 (0.7/hari) win=39.1% PFgross=1.17 PFnet=1.09 gross=42.5% fee=19.3% NET=23.2% ($3473, fee $2898) hold med=360m avg=1074m cepat<=15m=0.0% reentry=71 (14.7%) maxDD=37.1% best=25.68% top5%share=47% >=1%:87 SLavg=1.438%
FVG 1h w>=0.3% age168 fee 0.1%     n=  483 (0.7/hari) win=37.7% PFgross=1.17 PFnet=0.98 gross=42.5% fee=48.3% NET=-5.8% ($-874, fee $7245) hold med=360m avg=1074m cepat<=15m=0.0% reentry=71 (14.7%) maxDD=42.7% best=25.68% top5%share=47% >=1%:87 SLavg=1.438%
FVG 1h w>=0.3% age168 fee 0.2%     n=  483 (0.7/hari) win=34.2% PFgross=1.17 PFnet=0.83 gross=42.5% fee=96.6% NET=-54.1% ($-8119, fee $14490) hold med=360m avg=1074m cepat<=15m=0.0% reentry=71 (14.7%) maxDD=66.6% best=25.68% top5%share=47% >=1%:87 SLavg=1.438%

=== VALIDASI KETAT (pemenang per TF @fee 0.10%, trials=31, perm iter=100) ===
FVG 5m {"minWidthPct":0.3,"maxAgeBars":288,"slMultiple":2}: NET=-72.3% PFnet=0.79 | DSR=0.0% | bar-permutation p=0.050 (null mean -179.4%) | split-era: paruh1 -34.4% / paruh2 -37.9%
  per tahun @0.10%: 2024: n=134 net=-24.4% PF=0.59 | 2025: n=382 net=-16.0% PF=0.89 | 2026: n=347 net=-31.9% PF=0.77
  fee 0.04%                          n=  863 (1.2/hari) win=36.3% PFgross=1.05 PFnet=0.94 gross=14.0% fee=34.5% NET=-20.6% ($-3084, fee $5178) hold med=95m avg=254m cepat<=15m=9.8% reentry=128 (14.8%) maxDD=46.4% best=5.65% top5%share=43% >=1%:100 SLavg=0.935%
  fee 0.1%                           n=  863 (1.2/hari) win=33.3% PFgross=1.05 PFnet=0.79 gross=14.0% fee=86.3% NET=-72.3% ($-10851, fee $12945) hold med=95m avg=254m cepat<=15m=9.8% reentry=128 (14.8%) maxDD=80.1% best=5.65% top5%share=43% >=1%:100 SLavg=0.935%
  fee 0.2%                           n=  863 (1.2/hari) win=30.4% PFgross=1.05 PFnet=0.61 gross=14.0% fee=172.6% NET=-158.6% ($-23796, fee $25890) hold med=95m avg=254m cepat<=15m=9.8% reentry=128 (14.8%) maxDD=161.9% best=5.65% top5%share=43% >=1%:100 SLavg=0.935%
FVG 15m {"minWidthPct":0.3,"maxAgeBars":96,"slMultiple":2}: NET=-56.0% PFnet=0.84 | DSR=0.0% | bar-permutation p=0.090 (null mean -128.8%) | split-era: paruh1 -10.8% / paruh2 -45.1%
  per tahun @0.10%: 2024: n=127 net=0.1% PF=1.00 | 2025: n=315 net=-37.5% PF=0.77 | 2026: n=304 net=-18.6% PF=0.86
  fee 0.04%                          n=  746 (1.0/hari) win=36.9% PFgross=1.06 PFnet=0.97 gross=18.6% fee=29.8% NET=-11.2% ($-1679, fee $4476) hold med=165m avg=506m cepat<=15m=2.5% reentry=105 (14.1%) maxDD=45.8% best=31.53% top5%share=49% >=1%:99 SLavg=1.080%
  fee 0.1%                           n=  746 (1.0/hari) win=34.6% PFgross=1.06 PFnet=0.84 gross=18.6% fee=74.6% NET=-56.0% ($-8393, fee $11190) hold med=165m avg=506m cepat<=15m=2.5% reentry=105 (14.1%) maxDD=66.8% best=31.53% top5%share=49% >=1%:99 SLavg=1.080%
  fee 0.2%                           n=  746 (1.0/hari) win=30.8% PFgross=1.06 PFnet=0.68 gross=18.6% fee=149.2% NET=-130.6% ($-19583, fee $22380) hold med=165m avg=506m cepat<=15m=2.5% reentry=105 (14.1%) maxDD=130.9% best=31.53% top5%share=49% >=1%:99 SLavg=1.080%
FVG 1h {"minWidthPct":0.3,"maxAgeBars":168,"slMultiple":2}: NET=-5.8% PFnet=0.98 | DSR=0.0% | bar-permutation p=0.160 (null mean -70.3%) | split-era: paruh1 8.7% / paruh2 -14.6%
  per tahun @0.10%: 2024: n=88 net=13.5% PF=1.31 | 2025: n=214 net=-16.7% PF=0.89 | 2026: n=181 net=-2.5% PF=0.97
  fee 0.04%                          n=  483 (0.7/hari) win=39.1% PFgross=1.17 PFnet=1.09 gross=42.5% fee=19.3% NET=23.2% ($3473, fee $2898) hold med=360m avg=1074m cepat<=15m=0.0% reentry=71 (14.7%) maxDD=37.1% best=25.68% top5%share=47% >=1%:87 SLavg=1.438%
  fee 0.1%                           n=  483 (0.7/hari) win=37.7% PFgross=1.17 PFnet=0.98 gross=42.5% fee=48.3% NET=-5.8% ($-874, fee $7245) hold med=360m avg=1074m cepat<=15m=0.0% reentry=71 (14.7%) maxDD=42.7% best=25.68% top5%share=47% >=1%:87 SLavg=1.438%
  fee 0.2%                           n=  483 (0.7/hari) win=34.2% PFgross=1.17 PFnet=0.83 gross=42.5% fee=96.6% NET=-54.1% ($-8119, fee $14490) hold med=360m avg=1074m cepat<=15m=0.0% reentry=71 (14.7%) maxDD=66.6% best=25.68% top5%share=47% >=1%:87 SLavg=1.438%
