=== RONDE 3: 57 kombinasi (kumulatif 235), fee 0.10% RT; kolom akhir NET @0.04/0.20 ===
5m mr k=2 exit=trail                         trade= 4800 (6.58/hr) win=27.5% PFg=1.16 PFnet=0.57 NET=-386.2% maxDD=386.7% hold=25m cepat=35.0% | paruh -203.6/-182.6 | thn 2024:-38.1 2025:-190.1 2026:-158.0 | @0.04 -98.2 @0.20 -866.2
5m mr k=2 exit=mean                          trade= 4960 (6.79/hr) win=43.2% PFg=1.04 PFnet=0.57 NET=-467.0% maxDD=467.3% hold=35m cepat=28.6% | paruh -241.6/-225.4 | thn 2024:-56.6 2025:-223.0 2026:-187.5 | @0.04 -169.4 @0.20 -963.0
5m mr k=3 exit=trail                         trade= 3798 (5.20/hr) win=30.3% PFg=1.09 PFnet=0.67 NET=-316.8% maxDD=318.6% hold=55m cepat=16.9% | paruh -149.1/-167.7 | thn 2024:-36.7 2025:-140.8 2026:-139.3 | @0.04 -88.9 @0.20 -696.6
5m mr k=3 exit=mean                          trade= 4719 (6.46/hr) win=48.8% PFg=1.04 PFnet=0.59 NET=-437.2% maxDD=437.7% hold=45m cepat=18.3% | paruh -228.8/-208.4 | thn 2024:-54.9 2025:-206.2 2026:-176.1 | @0.04 -154.0 @0.20 -909.1
5m mr+trend k=2 exit=trail                   trade=  892 (1.22/hr) win=27.6% PFg=1.32 PFnet=0.64 NET=-57.1% maxDD=57.1% hold=35m cepat=24.0% | paruh -28.9/-28.2 | thn 2024:-3.7 2025:-26.2 2026:-27.1 | @0.04 -3.6 @0.20 -146.3
5m mr+trend k=2 exit=mean                    trade=  887 (1.22/hr) win=46.4% PFg=1.16 PFnet=0.60 NET=-68.2% maxDD=68.5% hold=40m cepat=22.0% | paruh -27.4/-40.8 | thn 2024:-4.3 2025:-28.4 2026:-35.5 | @0.04 -15.0 @0.20 -156.9
5m mr+trend k=3 exit=trail                   trade=  837 (1.15/hr) win=31.7% PFg=1.29 PFnet=0.79 NET=-42.1% maxDD=50.7% hold=75m cepat=9.7% | paruh -19.8/-22.3 | thn 2024:0.8 2025:-26.8 2026:-16.0 | @0.04 8.1 @0.20 -125.8
5m mr+trend k=3 exit=mean                    trade=  878 (1.20/hr) win=51.1% PFg=1.26 PFnet=0.66 NET=-55.0% maxDD=56.3% hold=50m cepat=13.8% | paruh -24.1/-30.9 | thn 2024:-4.5 2025:-27.4 2026:-23.1 | @0.04 -2.3 @0.20 -142.8
5m vol n=20 vol>=2x k=3 exit=trail           trade= 4454 (6.10/hr) win=28.0% PFg=0.95 PFnet=0.57 NET=-485.1% maxDD=485.1% hold=50m cepat=13.3% | paruh -243.6/-241.5 | thn 2024:-69.9 2025:-232.3 2026:-182.8 | @0.04 -217.8 @0.20 -930.5
5m vol n=20 vol>=2x 13-20UTC k=3 exit=trail  trade= 1577 (2.16/hr) win=28.0% PFg=0.87 PFnet=0.57 NET=-204.1% maxDD=204.7% hold=40m cepat=16.5% | paruh -100.8/-103.3 | thn 2024:-16.5 2025:-108.1 2026:-79.5 | @0.04 -109.5 @0.20 -361.8
5m vol n=20 vol>=3x k=3 exit=trail           trade= 2867 (3.93/hr) win=28.9% PFg=0.99 PFnet=0.60 NET=-292.3% maxDD=298.6% hold=45m cepat=16.9% | paruh -137.4/-154.9 | thn 2024:-37.5 2025:-137.7 2026:-117.0 | @0.04 -120.3 @0.20 -579.0
5m vol n=20 vol>=3x 13-20UTC k=3 exit=trail  trade= 1004 (1.38/hr) win=29.5% PFg=0.87 PFnet=0.56 NET=-130.5% maxDD=135.3% hold=40m cepat=18.6% | paruh -57.2/-73.3 | thn 2024:-1.2 2025:-74.2 2026:-55.0 | @0.04 -70.3 @0.20 -230.9
5m vol n=50 vol>=2x k=3 exit=trail           trade= 3391 (4.65/hr) win=28.4% PFg=0.93 PFnet=0.57 NET=-385.3% maxDD=385.6% hold=45m cepat=15.9% | paruh -201.5/-183.8 | thn 2024:-69.1 2025:-172.5 2026:-143.7 | @0.04 -181.8 @0.20 -724.4
5m vol n=50 vol>=2x 13-20UTC k=3 exit=trail  trade= 1235 (1.69/hr) win=29.1% PFg=0.87 PFnet=0.58 NET=-162.2% maxDD=162.6% hold=40m cepat=18.5% | paruh -86.0/-76.2 | thn 2024:-18.5 2025:-85.3 2026:-58.4 | @0.04 -88.1 @0.20 -285.7
5m vol n=50 vol>=3x k=3 exit=trail           trade= 2341 (3.21/hr) win=29.0% PFg=0.97 PFnet=0.60 NET=-247.6% maxDD=251.4% hold=40m cepat=18.9% | paruh -118.2/-129.4 | thn 2024:-31.9 2025:-112.4 2026:-103.2 | @0.04 -107.1 @0.20 -481.7
5m vol n=50 vol>=3x 13-20UTC k=3 exit=trail  trade=  851 (1.17/hr) win=30.3% PFg=0.89 PFnet=0.58 NET=-107.3% maxDD=112.6% hold=40m cepat=19.5% | paruh -49.4/-57.9 | thn 2024:1.9 2025:-63.6 2026:-45.6 | @0.04 -56.2 @0.20 -192.4
5m sqz k=2 exit=trail                        trade= 1408 (1.93/hr) win=25.2% PFg=1.26 PFnet=0.51 NET=-108.0% maxDD=109.6% hold=30m cepat=23.6% | paruh -46.7/-61.3 | thn 2024:-14.5 2025:-51.5 2026:-42.0 | @0.04 -23.5 @0.20 -248.8
5m sqz k=3 exit=trail                        trade= 1277 (1.75/hr) win=26.9% PFg=1.03 PFnet=0.54 NET=-122.8% maxDD=124.7% hold=55m cepat=8.1% | paruh -47.3/-75.5 | thn 2024:-11.8 2025:-59.0 2026:-51.9 | @0.04 -46.2 @0.20 -250.5
5m sqz k=4 exit=trail                        trade= 1163 (1.59/hr) win=28.0% PFg=0.94 PFnet=0.57 NET=-129.9% maxDD=131.7% hold=95m cepat=3.4% | paruh -48.1/-81.8 | thn 2024:-15.1 2025:-59.3 2026:-55.4 | @0.04 -60.1 @0.20 -246.2
15m mr k=2 exit=trail                        trade= 1743 (2.39/hr) win=31.0% PFg=1.15 PFnet=0.77 NET=-114.3% maxDD=123.5% hold=75m cepat=9.6% | paruh -52.3/-62.0 | thn 2024:1.3 2025:-83.3 2026:-32.2 | @0.04 -9.7 @0.20 -288.6
15m mr k=2 exit=mean                         trade= 1874 (2.57/hr) win=48.5% PFg=1.09 PFnet=0.78 NET=-137.5% maxDD=141.1% hold=90m cepat=11.6% | paruh -44.6/-92.9 | thn 2024:-19.0 2025:-60.6 2026:-57.8 | @0.04 -25.0 @0.20 -324.9
15m mr k=3 exit=trail                        trade= 1298 (1.78/hr) win=33.1% PFg=1.22 PFnet=0.94 NET=-32.4% maxDD=84.1% hold=195m cepat=3.2% | paruh 1.5/-33.9 | thn 2024:38.8 2025:-55.4 2026:-15.8 | @0.04 45.4 @0.20 -162.2
15m mr k=3 exit=mean                         trade= 1765 (2.42/hr) win=56.1% PFg=1.11 PFnet=0.81 NET=-116.8% maxDD=123.8% hold=120m cepat=4.8% | paruh -51.1/-65.7 | thn 2024:-16.5 2025:-52.2 2026:-48.1 | @0.04 -10.9 @0.20 -293.3
15m mr+trend k=2 exit=trail                  trade=  356 (0.49/hr) win=31.7% PFg=1.19 PFnet=0.79 NET=-20.8% maxDD=32.4% hold=105m cepat=5.6% | paruh -12.5/-8.3 | thn 2024:6.3 2025:-29.2 2026:2.1 | @0.04 0.5 @0.20 -56.4
15m mr+trend k=2 exit=mean                   trade=  362 (0.50/hr) win=55.2% PFg=1.31 PFnet=0.91 NET=-9.0% maxDD=14.8% hold=105m cepat=7.5% | paruh -3.7/-5.3 | thn 2024:2.5 2025:-12.9 2026:1.4 | @0.04 12.7 @0.20 -45.2
15m mr+trend k=3 exit=trail                  trade=  335 (0.46/hr) win=34.6% PFg=1.25 PFnet=0.94 NET=-7.5% maxDD=30.3% hold=210m cepat=0.6% | paruh -0.2/-7.3 | thn 2024:18.3 2025:-29.6 2026:3.9 | @0.04 12.6 @0.20 -41.0
15m mr+trend k=3 exit=mean                   trade=  358 (0.49/hr) win=62.0% PFg=1.38 PFnet=0.99 NET=-0.9% maxDD=13.3% hold=135m cepat=2.8% | paruh -7.3/6.3 | thn 2024:2.4 2025:-11.8 2026:8.5 | @0.04 20.5 @0.20 -36.7
15m vol n=20 vol>=2x k=3 exit=trail          trade= 1484 (2.03/hr) win=30.3% PFg=0.99 PFnet=0.75 NET=-152.3% maxDD=159.8% hold=165m cepat=0.9% | paruh -79.4/-72.9 | thn 2024:-8.0 2025:-98.3 2026:-46.0 | @0.04 -63.3 @0.20 -300.7
15m vol n=20 vol>=2x 13-20UTC k=3 exit=trail trade=  696 (0.95/hr) win=31.3% PFg=1.02 PFnet=0.79 NET=-64.0% maxDD=79.5% hold=135m cepat=1.1% | paruh -40.6/-23.4 | thn 2024:13.5 2025:-62.3 2026:-15.2 | @0.04 -22.3 @0.20 -133.6
15m vol n=20 vol>=3x k=3 exit=trail          trade=  989 (1.35/hr) win=32.4% PFg=1.05 PFnet=0.79 NET=-83.7% maxDD=98.8% hold=150m cepat=0.8% | paruh -45.1/-38.6 | thn 2024:-1.6 2025:-64.9 2026:-17.2 | @0.04 -24.3 @0.20 -182.6
15m vol n=20 vol>=3x 13-20UTC k=3 exit=trail trade=  451 (0.62/hr) win=32.6% PFg=1.06 PFnet=0.82 NET=-34.4% maxDD=56.5% hold=120m cepat=1.1% | paruh -14.3/-20.1 | thn 2024:15.2 2025:-41.4 2026:-8.1 | @0.04 -7.3 @0.20 -79.5
15m vol n=50 vol>=2x k=3 exit=trail          trade= 1135 (1.55/hr) win=30.7% PFg=0.97 PFnet=0.74 NET=-126.8% maxDD=132.8% hold=150m cepat=1.3% | paruh -82.5/-44.3 | thn 2024:-25.2 2025:-76.7 2026:-24.9 | @0.04 -58.7 @0.20 -240.3
15m vol n=50 vol>=2x 13-20UTC k=3 exit=trail trade=  559 (0.77/hr) win=30.8% PFg=0.98 PFnet=0.76 NET=-60.9% maxDD=77.3% hold=150m cepat=1.3% | paruh -45.7/-15.3 | thn 2024:0.4 2025:-54.3 2026:-7.0 | @0.04 -27.4 @0.20 -116.8
15m vol n=50 vol>=3x k=3 exit=trail          trade=  810 (1.11/hr) win=33.3% PFg=1.05 PFnet=0.80 NET=-66.8% maxDD=78.4% hold=150m cepat=1.0% | paruh -41.1/-25.8 | thn 2024:-12.7 2025:-44.8 2026:-9.4 | @0.04 -18.2 @0.20 -147.8
15m vol n=50 vol>=3x 13-20UTC k=3 exit=trail trade=  379 (0.52/hr) win=32.7% PFg=1.10 PFnet=0.85 NET=-24.3% maxDD=44.3% hold=135m cepat=1.3% | paruh -15.0/-9.3 | thn 2024:5.7 2025:-29.4 2026:-0.6 | @0.04 -1.6 @0.20 -62.2
15m sqz k=2 exit=trail                       trade=  463 (0.63/hr) win=27.6% PFg=0.93 PFnet=0.56 NET=-52.1% maxDD=52.7% hold=75m cepat=2.4% | paruh -24.9/-27.1 | thn 2024:-10.9 2025:-24.1 2026:-17.1 | @0.04 -24.3 @0.20 -98.4
15m sqz k=3 exit=trail                       trade=  418 (0.57/hr) win=27.5% PFg=0.86 PFnet=0.61 NET=-58.3% maxDD=61.1% hold=165m cepat=0.7% | paruh -35.6/-22.7 | thn 2024:-12.2 2025:-24.9 2026:-21.2 | @0.04 -33.2 @0.20 -100.1
15m sqz k=4 exit=trail                       trade=  378 (0.52/hr) win=30.4% PFg=0.86 PFnet=0.66 NET=-58.3% maxDD=62.8% hold=315m cepat=0.3% | paruh -35.0/-23.3 | thn 2024:-22.4 2025:-17.7 2026:-18.2 | @0.04 -35.7 @0.20 -96.1
1h mr k=2 exit=trail                         trade=  468 (0.64/hr) win=28.6% PFg=0.85 PFnet=0.70 NET=-83.1% maxDD=91.0% hold=360m cepat=0.0% | paruh -20.5/-62.6 | thn 2024:-13.7 2025:-21.2 2026:-48.2 | @0.04 -55.0 @0.20 -129.9
1h mr k=2 exit=mean                          trade=  523 (0.72/hr) win=47.0% PFg=0.90 PFnet=0.76 NET=-84.4% maxDD=88.2% hold=420m cepat=0.0% | paruh -29.8/-54.6 | thn 2024:-6.2 2025:-25.3 2026:-52.9 | @0.04 -53.0 @0.20 -136.7
1h mr k=3 exit=trail                         trade=  359 (0.49/hr) win=31.5% PFg=0.80 PFnet=0.70 NET=-94.7% maxDD=109.5% hold=780m cepat=0.0% | paruh -37.7/-56.9 | thn 2024:5.7 2025:-56.7 2026:-43.7 | @0.04 -73.1 @0.20 -130.6
1h mr k=3 exit=mean                          trade=  477 (0.65/hr) win=56.2% PFg=0.96 PFnet=0.82 NET=-59.8% maxDD=72.4% hold=540m cepat=0.0% | paruh -18.6/-41.2 | thn 2024:6.6 2025:-24.9 2026:-41.4 | @0.04 -31.2 @0.20 -107.5
1h mr+trend k=2 exit=trail                   trade=  113 (0.15/hr) win=32.7% PFg=0.92 PFnet=0.75 NET=-16.0% maxDD=32.5% hold=360m cepat=0.0% | paruh 7.7/-23.6 | thn 2024:2.4 2025:1.0 2026:-19.4 | @0.04 -9.2 @0.20 -27.3
1h mr+trend k=2 exit=mean                    trade=  108 (0.15/hr) win=50.0% PFg=0.88 PFnet=0.72 NET=-17.7% maxDD=28.4% hold=420m cepat=0.0% | paruh 3.9/-21.6 | thn 2024:-0.5 2025:-0.6 2026:-16.6 | @0.04 -11.2 @0.20 -28.5
1h mr+trend k=3 exit=trail                   trade=   98 (0.13/hr) win=34.7% PFg=0.96 PFnet=0.84 NET=-12.5% maxDD=29.1% hold=1020m cepat=0.0% | paruh 9.3/-21.8 | thn 2024:7.6 2025:-4.7 2026:-15.4 | @0.04 -6.6 @0.20 -22.3
1h mr+trend k=3 exit=mean                    trade=  102 (0.14/hr) win=57.8% PFg=0.99 PFnet=0.82 NET=-10.6% maxDD=19.9% hold=540m cepat=0.0% | paruh 5.4/-16.0 | thn 2024:0.9 2025:-2.5 2026:-9.0 | @0.04 -4.5 @0.20 -20.8
1h vol n=20 vol>=2x k=3 exit=trail           trade=  386 (0.53/hr) win=36.3% PFg=1.04 PFnet=0.90 NET=-28.0% maxDD=61.7% hold=840m cepat=0.0% | paruh -57.6/29.6 | thn 2024:-37.6 2025:-22.0 2026:31.6 | @0.04 -4.9 @0.20 -66.6
1h vol n=20 vol>=2x 13-20UTC k=3 exit=trail  trade=  269 (0.37/hr) win=36.8% PFg=1.12 PFnet=0.97 NET=-6.2% maxDD=39.3% hold=960m cepat=0.0% | paruh -33.3/27.1 | thn 2024:-17.0 2025:-15.4 2026:26.2 | @0.04 10.0 @0.20 -33.1
1h vol n=20 vol>=3x k=3 exit=trail           trade=  268 (0.37/hr) win=36.2% PFg=1.03 PFnet=0.89 NET=-21.8% maxDD=35.5% hold=780m cepat=0.0% | paruh -30.5/8.7 | thn 2024:-20.1 2025:-13.0 2026:11.3 | @0.04 -5.7 @0.20 -48.6
1h vol n=20 vol>=3x 13-20UTC k=3 exit=trail  trade=  168 (0.23/hr) win=36.9% PFg=1.22 PFnet=1.06 NET=7.5% maxDD=28.8% hold=960m cepat=0.0% | paruh -8.9/16.4 | thn 2024:-8.0 2025:-7.9 2026:23.4 | @0.04 17.6 @0.20 -9.3
1h vol n=50 vol>=2x k=3 exit=trail           trade=  274 (0.38/hr) win=40.1% PFg=1.11 PFnet=0.97 NET=-5.9% maxDD=31.8% hold=780m cepat=0.0% | paruh -26.1/20.2 | thn 2024:-13.9 2025:-10.1 2026:18.1 | @0.04 10.6 @0.20 -33.3
1h vol n=50 vol>=2x 13-20UTC k=3 exit=trail  trade=  186 (0.25/hr) win=37.1% PFg=0.97 PFnet=0.85 NET=-22.2% maxDD=31.2% hold=900m cepat=0.0% | paruh -17.3/-4.9 | thn 2024:-7.2 2025:-11.9 2026:-3.0 | @0.04 -11.1 @0.20 -40.8
1h vol n=50 vol>=3x k=3 exit=trail           trade=  206 (0.28/hr) win=36.9% PFg=0.99 PFnet=0.86 NET=-22.4% maxDD=28.9% hold=780m cepat=0.0% | paruh -22.8/0.4 | thn 2024:-4.7 2025:-15.5 2026:-2.1 | @0.04 -10.0 @0.20 -43.0
1h vol n=50 vol>=3x 13-20UTC k=3 exit=trail  trade=  124 (0.17/hr) win=36.3% PFg=1.06 PFnet=0.92 NET=-7.4% maxDD=18.9% hold=960m cepat=0.0% | paruh -13.1/5.7 | thn 2024:-3.4 2025:-12.2 2026:8.2 | @0.04 0.0 @0.20 -19.8
1h sqz k=2 exit=trail                        trade=  117 (0.16/hr) win=40.2% PFg=1.62 PFnet=1.23 NET=9.4% maxDD=8.0% hold=360m cepat=0.0% | paruh -0.8/10.1 | thn 2024:-3.3 2025:-0.2 2026:12.9 | @0.04 16.4 @0.20 -2.3
1h sqz k=3 exit=trail                        trade=  102 (0.14/hr) win=45.1% PFg=1.96 PFnet=1.63 NET=30.2% maxDD=8.9% hold=1020m cepat=0.0% | paruh 2.0/28.2 | thn 2024:-0.3 2025:9.4 2026:21.1 | @0.04 36.3 @0.20 20.0
1h sqz k=4 exit=trail                        trade=   97 (0.13/hr) win=48.5% PFg=2.00 PFnet=1.74 NET=41.8% maxDD=11.3% hold=1680m cepat=0.0% | paruh 17.2/24.5 | thn 2024:3.7 2025:16.4 2026:21.7 | @0.04 47.6 @0.20 32.1
-> net positif @0.10%: 4/57; PF GROSS > 1.2: 12

--- validasi 5 terbaik (trials kumulatif 235, perm iter=50, metrik rata2 net/trade) ---
1h sqz k=4 exit=trail                        NET=41.8% PFnet=1.74 n=97 | DSR=0.0% | perm p=0.020 (acak -0.111 vs asli 0.430 %/trade)
1h sqz k=3 exit=trail                        NET=30.2% PFnet=1.63 n=102 | DSR=0.0% | perm p=0.040 (acak -0.069 vs asli 0.296 %/trade)
1h sqz k=2 exit=trail                        NET=9.4% PFnet=1.23 n=117 | DSR=0.0% | perm p=0.040 (acak -0.080 vs asli 0.080 %/trade)
1h vol n=20 vol>=3x 13-20UTC k=3 exit=trail  NET=7.5% PFnet=1.06 n=168 | DSR=0.0% | perm p=0.220 (acak -0.125 vs asli 0.045 %/trade)
15m mr+trend k=3 exit=mean                   NET=-0.9% PFnet=0.99 n=358 | DSR=0.0% | perm p=0.000 (acak -0.094 vs asli -0.003 %/trade)
